2025-02-07T13:28:36.786243+00:00 ubuntu systemd-modules-load[797]: Inserted module 'lp'
2025-02-07T13:28:36.788507+00:00 ubuntu systemd[1]: Starting systemd-journal-flush.service - Flush Journal to Persistent Storage...
2025-02-07T13:28:36.788540+00:00 ubuntu systemd-modules-load[797]: Inserted module 'ppdev'
2025-02-07T13:28:36.788551+00:00 ubuntu systemd[1]: Finished keyboard-setup.service - Set the console keyboard layout.
2025-02-07T13:28:36.788562+00:00 ubuntu systemd-modules-load[797]: Inserted module 'parport_pc'
2025-02-07T13:28:36.788571+00:00 ubuntu systemd[1]: Finished systemd-random-seed.service - Load/Save OS Random Seed.
2025-02-07T13:28:36.788580+00:00 ubuntu systemd-modules-load[797]: Inserted module 'msr'
2025-02-07T13:28:36.788591+00:00 ubuntu systemd[1]: Finished systemd-journal-flush.service - Flush Journal to Persistent Storage.
2025-02-07T13:28:36.788606+00:00 ubuntu systemd[1]: Finished lvm2-monitor.service - Monitoring of LVM2 mirrors, snapshots etc. using dmeventd or progress polling.
2025-02-07T13:28:36.788611+00:00 ubuntu kernel: Linux version 6.8.0-41-generic (buildd@lcy02-amd64-100) (x86_64-linux-gnu-gcc-13 (Ubuntu 13.2.0-23ubuntu4) 13.2.0, GNU ld (GNU Binutils for Ubuntu) 2.42) #41-Ubuntu SMP PREEMPT_DYNAMIC Fri Aug  2 20:41:06 UTC 2024 (Ubuntu 6.8.0-41.41-generic 6.8.12)
2025-02-07T13:28:36.788616+00:00 ubuntu systemd[1]: Finished systemd-tmpfiles-setup-dev-early.service - Create Static Device Nodes in /dev gracefully.
2025-02-07T13:28:36.788630+00:00 ubuntu kernel: Command line: BOOT_IMAGE=/casper/vmlinuz --- quiet splash
2025-02-07T13:28:36.788629+00:00 ubuntu systemd[1]: Starting systemd-sysusers.service - Create System Users...
2025-02-07T13:28:36.788634+00:00 ubuntu kernel: KERNEL supported cpus:
2025-02-07T13:28:36.788635+00:00 ubuntu kernel:   Intel GenuineIntel
2025-02-07T13:28:36.788636+00:00 ubuntu kernel:   AMD AuthenticAMD
2025-02-07T13:28:36.788636+00:00 ubuntu kernel:   Hygon HygonGenuine
2025-02-07T13:28:36.788637+00:00 ubuntu kernel:   Centaur CentaurHauls
2025-02-07T13:28:36.788638+00:00 ubuntu systemd[1]: Finished systemd-modules-load.service - Load Kernel Modules.
2025-02-07T13:28:36.788642+00:00 ubuntu kernel:   zhaoxin   Shanghai  
2025-02-07T13:28:36.788645+00:00 ubuntu kernel: BIOS-provided physical RAM map:
2025-02-07T13:28:36.788646+00:00 ubuntu kernel: BIOS-e820: [mem 0x0000000000000000-0x000000000009fbff] usable
2025-02-07T13:28:36.788647+00:00 ubuntu kernel: BIOS-e820: [mem 0x000000000009fc00-0x000000000009ffff] reserved
2025-02-07T13:28:36.788648+00:00 ubuntu kernel: BIOS-e820: [mem 0x00000000000f0000-0x00000000000fffff] reserved
2025-02-07T13:28:36.788649+00:00 ubuntu kernel: BIOS-e820: [mem 0x0000000000100000-0x00000000dffeffff] usable
2025-02-07T13:28:36.788650+00:00 ubuntu kernel: BIOS-e820: [mem 0x00000000dfff0000-0x00000000dfffffff] ACPI data
2025-02-07T13:28:36.788648+00:00 ubuntu systemd[1]: Starting systemd-sysctl.service - Apply Kernel Variables...
2025-02-07T13:28:36.788662+00:00 ubuntu kernel: BIOS-e820: [mem 0x00000000fec00000-0x00000000fec00fff] reserved
2025-02-07T13:28:36.788664+00:00 ubuntu kernel: BIOS-e820: [mem 0x00000000fee00000-0x00000000fee00fff] reserved
2025-02-07T13:28:36.788661+00:00 ubuntu systemd[1]: Finished systemd-udev-trigger.service - Coldplug All udev Devices.
2025-02-07T13:28:36.788671+00:00 ubuntu kernel: BIOS-e820: [mem 0x00000000fffc0000-0x00000000ffffffff] reserved
2025-02-07T13:28:36.788678+00:00 ubuntu kernel: BIOS-e820: [mem 0x0000000100000000-0x000000031eefffff] usable
2025-02-07T13:28:36.788680+00:00 ubuntu kernel: NX (Execute Disable) protection: active
2025-02-07T13:28:36.788680+00:00 ubuntu kernel: APIC: Static calls initialized
2025-02-07T13:28:36.788679+00:00 ubuntu systemd[1]: Starting systemd-udev-settle.service - Wait for udev To Complete Device Initialization...
2025-02-07T13:28:36.788686+00:00 ubuntu kernel: SMBIOS 2.5 present.
2025-02-07T13:28:36.788689+00:00 ubuntu kernel: DMI: innotek GmbH VirtualBox/VirtualBox, BIOS VirtualBox 12/01/2006
2025-02-07T13:28:36.788690+00:00 ubuntu kernel: Hypervisor detected: KVM
2025-02-07T13:28:36.788690+00:00 ubuntu kernel: kvm-clock: Using msrs 4b564d01 and 4b564d00
2025-02-07T13:28:36.788691+00:00 ubuntu kernel: kvm-clock: using sched offset of 16955321276 cycles
2025-02-07T13:28:36.788692+00:00 ubuntu kernel: clocksource: kvm-clock: mask: 0xffffffffffffffff max_cycles: 0x1cd42e4dffb, max_idle_ns: 881590591483 ns
2025-02-07T13:28:36.788689+00:00 ubuntu udevadm[841]: systemd-udev-settle.service is deprecated. Please fix zfs-import-cache.service, zfs-load-module.service not to pull it in.
2025-02-07T13:28:36.788697+00:00 ubuntu kernel: tsc: Detected 2495.998 MHz processor
2025-02-07T13:28:36.788700+00:00 ubuntu kernel: e820: update [mem 0x00000000-0x00000fff] usable ==> reserved
2025-02-07T13:28:36.788701+00:00 ubuntu kernel: e820: remove [mem 0x000a0000-0x000fffff] usable
2025-02-07T13:28:36.788701+00:00 ubuntu kernel: last_pfn = 0x31ef00 max_arch_pfn = 0x400000000
2025-02-07T13:28:36.788702+00:00 ubuntu kernel: total RAM covered: 12271M
2025-02-07T13:28:36.788703+00:00 ubuntu kernel: Found optimal setting for mtrr clean up
2025-02-07T13:28:36.788704+00:00 ubuntu kernel:  gran_size: 64K 	chunk_size: 32M 	num_reg: 8  	lose cover RAM: 0G
2025-02-07T13:28:36.788714+00:00 ubuntu kernel: MTRR map: 6 entries (3 fixed + 3 variable; max 35), built from 16 variable MTRRs
2025-02-07T13:28:36.788745+00:00 ubuntu kernel: x86/PAT: Configuration [0-7]: WB  WC  UC- UC  WB  WP  UC- WT  
2025-02-07T13:28:36.788749+00:00 ubuntu kernel: e820: update [mem 0xe0000000-0xffffffff] usable ==> reserved
2025-02-07T13:28:36.788750+00:00 ubuntu kernel: last_pfn = 0xdfff0 max_arch_pfn = 0x400000000
2025-02-07T13:28:36.788751+00:00 ubuntu kernel: found SMP MP-table at [mem 0x0009fbf0-0x0009fbff]
2025-02-07T13:28:36.788752+00:00 ubuntu kernel: Incomplete global flushes, disabling PCID
2025-02-07T13:28:36.788757+00:00 ubuntu kernel: RAMDISK: [mem 0x2f0ad000-0x3384dfff]
2025-02-07T13:28:36.788765+00:00 ubuntu kernel: ACPI: Early table checksum verification disabled
2025-02-07T13:28:36.788766+00:00 ubuntu kernel: ACPI: RSDP 0x00000000000E0000 000024 (v02 VBOX  )
2025-02-07T13:28:36.788767+00:00 ubuntu kernel: ACPI: XSDT 0x00000000DFFF0030 00003C (v01 VBOX   VBOXXSDT 00000001 ASL  00000061)
2025-02-07T13:28:36.788768+00:00 ubuntu kernel: ACPI: FACP 0x00000000DFFF00F0 0000F4 (v04 VBOX   VBOXFACP 00000001 ASL  00000061)
2025-02-07T13:28:36.788769+00:00 ubuntu kernel: ACPI: DSDT 0x00000000DFFF0620 002353 (v02 VBOX   VBOXBIOS 00000002 INTL 20240927)
2025-02-07T13:28:36.788774+00:00 ubuntu kernel: ACPI: FACS 0x00000000DFFF0200 000040
2025-02-07T13:28:36.788776+00:00 ubuntu kernel: ACPI: FACS 0x00000000DFFF0200 000040
2025-02-07T13:28:36.788781+00:00 ubuntu kernel: ACPI: APIC 0x00000000DFFF0240 00006C (v02 VBOX   VBOXAPIC 00000001 ASL  00000061)
2025-02-07T13:28:36.788782+00:00 ubuntu kernel: ACPI: SSDT 0x00000000DFFF02B0 00036C (v01 VBOX   VBOXCPUT 00000002 INTL 20240927)
2025-02-07T13:28:36.788783+00:00 ubuntu kernel: ACPI: Reserving FACP table memory at [mem 0xdfff00f0-0xdfff01e3]
2025-02-07T13:28:36.788784+00:00 ubuntu kernel: ACPI: Reserving DSDT table memory at [mem 0xdfff0620-0xdfff2972]
2025-02-07T13:28:36.788785+00:00 ubuntu kernel: ACPI: Reserving FACS table memory at [mem 0xdfff0200-0xdfff023f]
2025-02-07T13:28:36.788785+00:00 ubuntu systemd-sysusers[835]: Creating group 'gamemode' with GID 986.
2025-02-07T13:28:36.788790+00:00 ubuntu kernel: ACPI: Reserving FACS table memory at [mem 0xdfff0200-0xdfff023f]
2025-02-07T13:28:36.788792+00:00 ubuntu kernel: ACPI: Reserving APIC table memory at [mem 0xdfff0240-0xdfff02ab]
2025-02-07T13:28:36.788799+00:00 ubuntu kernel: ACPI: Reserving SSDT table memory at [mem 0xdfff02b0-0xdfff061b]
2025-02-07T13:28:36.788800+00:00 ubuntu kernel: No NUMA configuration found
2025-02-07T13:28:36.788801+00:00 ubuntu kernel: Faking a node at [mem 0x0000000000000000-0x000000031eefffff]
2025-02-07T13:28:36.788802+00:00 ubuntu kernel: NODE_DATA(0) allocated [mem 0x31eed5000-0x31eefffff]
2025-02-07T13:28:36.788800+00:00 ubuntu systemd-sysusers[835]: Creating group 'gnome-initial-setup' with GID 985.
2025-02-07T13:28:36.788807+00:00 ubuntu kernel: Zone ranges:
2025-02-07T13:28:36.788809+00:00 ubuntu kernel:   DMA      [mem 0x0000000000001000-0x0000000000ffffff]
2025-02-07T13:28:36.788810+00:00 ubuntu kernel:   DMA32    [mem 0x0000000001000000-0x00000000ffffffff]
2025-02-07T13:28:36.788811+00:00 ubuntu kernel:   Normal   [mem 0x0000000100000000-0x000000031eefffff]
2025-02-07T13:28:36.788812+00:00 ubuntu kernel:   Device   empty
2025-02-07T13:28:36.788813+00:00 ubuntu kernel: Movable zone start for each node
2025-02-07T13:28:36.788811+00:00 ubuntu systemd[1]: Finished systemd-sysusers.service - Create System Users.
2025-02-07T13:28:36.788817+00:00 ubuntu kernel: Early memory node ranges
2025-02-07T13:28:36.788820+00:00 ubuntu kernel:   node   0: [mem 0x0000000000001000-0x000000000009efff]
2025-02-07T13:28:36.788821+00:00 ubuntu kernel:   node   0: [mem 0x0000000000100000-0x00000000dffeffff]
2025-02-07T13:28:36.788821+00:00 ubuntu kernel:   node   0: [mem 0x0000000100000000-0x000000031eefffff]
2025-02-07T13:28:36.788822+00:00 ubuntu kernel: Initmem setup node 0 [mem 0x0000000000001000-0x000000031eefffff]
2025-02-07T13:28:36.788823+00:00 ubuntu kernel: On node 0, zone DMA: 1 pages in unavailable ranges
2025-02-07T13:28:36.788824+00:00 ubuntu kernel: On node 0, zone DMA: 97 pages in unavailable ranges
2025-02-07T13:28:36.788829+00:00 ubuntu kernel: On node 0, zone Normal: 16 pages in unavailable ranges
2025-02-07T13:28:36.788831+00:00 ubuntu kernel: On node 0, zone Normal: 4352 pages in unavailable ranges
2025-02-07T13:28:36.788831+00:00 ubuntu kernel: ACPI: PM-Timer IO Port: 0x4008
2025-02-07T13:28:36.788832+00:00 ubuntu kernel: IOAPIC[0]: apic_id 4, version 32, address 0xfec00000, GSI 0-23
2025-02-07T13:28:36.788833+00:00 ubuntu kernel: ACPI: INT_SRC_OVR (bus 0 bus_irq 0 global_irq 2 dfl dfl)
2025-02-07T13:28:36.788821+00:00 ubuntu systemd[1]: Starting systemd-tmpfiles-setup-dev.service - Create Static Device Nodes in /dev...
2025-02-07T13:28:36.788838+00:00 ubuntu kernel: ACPI: INT_SRC_OVR (bus 0 bus_irq 9 global_irq 9 low level)
2025-02-07T13:28:36.788844+00:00 ubuntu kernel: ACPI: Using ACPI (MADT) for SMP configuration information
2025-02-07T13:28:36.788846+00:00 ubuntu kernel: smpboot: Allowing 4 CPUs, 0 hotplug CPUs
2025-02-07T13:28:36.788847+00:00 ubuntu kernel: PM: hibernation: Registered nosave memory: [mem 0x00000000-0x00000fff]
2025-02-07T13:28:36.788848+00:00 ubuntu kernel: PM: hibernation: Registered nosave memory: [mem 0x0009f000-0x0009ffff]
2025-02-07T13:28:36.788848+00:00 ubuntu kernel: PM: hibernation: Registered nosave memory: [mem 0x000a0000-0x000effff]
2025-02-07T13:28:36.788845+00:00 ubuntu systemd[1]: Finished systemd-sysctl.service - Apply Kernel Variables.
2025-02-07T13:28:36.788849+00:00 ubuntu kernel: PM: hibernation: Registered nosave memory: [mem 0x000f0000-0x000fffff]
2025-02-07T13:28:36.788859+00:00 ubuntu kernel: PM: hibernation: Registered nosave memory: [mem 0xdfff0000-0xdfffffff]
2025-02-07T13:28:36.788857+00:00 ubuntu systemd[1]: Finished systemd-tmpfiles-setup-dev.service - Create Static Device Nodes in /dev.
2025-02-07T13:28:36.788861+00:00 ubuntu kernel: PM: hibernation: Registered nosave memory: [mem 0xe0000000-0xfebfffff]
2025-02-07T13:28:36.788867+00:00 ubuntu kernel: PM: hibernation: Registered nosave memory: [mem 0xfec00000-0xfec00fff]
2025-02-07T13:28:36.788868+00:00 ubuntu kernel: PM: hibernation: Registered nosave memory: [mem 0xfec01000-0xfedfffff]
2025-02-07T13:28:36.788869+00:00 ubuntu kernel: PM: hibernation: Registered nosave memory: [mem 0xfee00000-0xfee00fff]
2025-02-07T13:28:36.788870+00:00 ubuntu kernel: PM: hibernation: Registered nosave memory: [mem 0xfee01000-0xfffbffff]
2025-02-07T13:28:36.788871+00:00 ubuntu kernel: PM: hibernation: Registered nosave memory: [mem 0xfffc0000-0xffffffff]
2025-02-07T13:28:36.788869+00:00 ubuntu systemd[1]: Reached target local-fs-pre.target - Preparation for Local File Systems.
2025-02-07T13:28:36.788875+00:00 ubuntu kernel: [mem 0xe0000000-0xfebfffff] available for PCI devices
2025-02-07T13:28:36.788878+00:00 ubuntu kernel: Booting paravirtualized kernel on KVM
2025-02-07T13:28:36.788878+00:00 ubuntu kernel: clocksource: refined-jiffies: mask: 0xffffffff max_cycles: 0xffffffff, max_idle_ns: 1910969940391419 ns
2025-02-07T13:28:36.788879+00:00 ubuntu kernel: setup_percpu: NR_CPUS:8192 nr_cpumask_bits:4 nr_cpu_ids:4 nr_node_ids:1
2025-02-07T13:28:36.788880+00:00 ubuntu kernel: percpu: Embedded 86 pages/cpu s229376 r8192 d114688 u524288
2025-02-07T13:28:36.788881+00:00 ubuntu kernel: pcpu-alloc: s229376 r8192 d114688 u524288 alloc=1*2097152
2025-02-07T13:28:36.788879+00:00 ubuntu systemd[1]: tmp.mount: Directory /tmp to mount over is not empty, mounting anyway.
2025-02-07T13:28:36.788887+00:00 ubuntu kernel: pcpu-alloc: [0] 0 1 2 3 
2025-02-07T13:28:36.788890+00:00 ubuntu kernel: kvm-guest: PV spinlocks enabled
2025-02-07T13:28:36.788891+00:00 ubuntu kernel: PV qspinlock hash table entries: 256 (order: 0, 4096 bytes, linear)
2025-02-07T13:28:36.788891+00:00 ubuntu kernel: Kernel command line: BOOT_IMAGE=/casper/vmlinuz --- quiet splash
2025-02-07T13:28:36.788892+00:00 ubuntu kernel: Unknown kernel command line parameters "--- splash BOOT_IMAGE=/casper/vmlinuz", will be passed to user space.
2025-02-07T13:28:36.788893+00:00 ubuntu kernel: random: crng init done
2025-02-07T13:28:36.788888+00:00 ubuntu systemd[1]: Mounting tmp.mount - /tmp...
2025-02-07T13:28:36.788899+00:00 ubuntu kernel: Dentry cache hash table entries: 2097152 (order: 12, 16777216 bytes, linear)
2025-02-07T13:28:36.788901+00:00 ubuntu kernel: Inode-cache hash table entries: 1048576 (order: 11, 8388608 bytes, linear)
2025-02-07T13:28:36.788902+00:00 ubuntu kernel: Fallback order for Node 0: 0 
2025-02-07T13:28:36.788903+00:00 ubuntu kernel: Built 1 zonelists, mobility grouping on.  Total pages: 3092020
2025-02-07T13:28:36.788903+00:00 ubuntu kernel: Policy zone: Normal
2025-02-07T13:28:36.788904+00:00 ubuntu kernel: mem auto-init: stack:all(zero), heap alloc:on, heap free:off
2025-02-07T13:28:36.788905+00:00 ubuntu kernel: software IO TLB: area num 4.
2025-02-07T13:28:36.788903+00:00 ubuntu systemd[1]: Starting systemd-udevd.service - Rule-based Manager for Device Events and Files...
2025-02-07T13:28:36.788912+00:00 ubuntu systemd[1]: Mounted tmp.mount - /tmp.
2025-02-07T13:28:36.788921+00:00 ubuntu systemd-udevd[848]: Using default interface naming scheme 'v255'.
2025-02-07T13:28:36.788931+00:00 ubuntu systemd[1]: Started systemd-udevd.service - Rule-based Manager for Device Events and Files.
2025-02-07T13:28:36.788940+00:00 ubuntu systemd[1]: Starting plymouth-start.service - Show Plymouth Boot Screen...
2025-02-07T13:28:36.788950+00:00 ubuntu systemd[1]: Started plymouth-start.service - Show Plymouth Boot Screen.
2025-02-07T13:28:36.788965+00:00 ubuntu systemd[1]: systemd-ask-password-console.path - Dispatch Password Requests to Console Directory Watch was skipped because of an unmet condition check (ConditionPathExists=!/run/plymouth/pid).
2025-02-07T13:28:36.788975+00:00 ubuntu systemd[1]: Started systemd-ask-password-plymouth.path - Forward Password Requests to Plymouth Directory Watch.
2025-02-07T13:28:36.788984+00:00 ubuntu systemd[1]: Reached target cryptsetup.target - Local Encrypted Volumes.
2025-02-07T13:28:36.788998+00:00 ubuntu kernel: Memory: 12150404K/12565048K available (22528K kernel code, 4441K rwdata, 14308K rodata, 4972K init, 4736K bss, 414384K reserved, 0K cma-reserved)
2025-02-07T13:28:36.788993+00:00 ubuntu (udev-worker)[873]: sr0: Process '/usr/bin/unshare -m /usr/bin/snap auto-import --mount=/dev/sr0' failed with exit code 1.
2025-02-07T13:28:36.789000+00:00 ubuntu kernel: SLUB: HWalign=64, Order=0-3, MinObjects=0, CPUs=4, Nodes=1
2025-02-07T13:28:36.789004+00:00 ubuntu kernel: Kernel/User page tables isolation: enabled
2025-02-07T13:28:36.789005+00:00 ubuntu kernel: ftrace: allocating 57864 entries in 227 pages
2025-02-07T13:28:36.789006+00:00 ubuntu kernel: ftrace: allocated 227 pages with 5 groups
2025-02-07T13:28:36.789007+00:00 ubuntu kernel: Dynamic Preempt: voluntary
2025-02-07T13:28:36.789006+00:00 ubuntu mtp-probe: checking bus 1, device 2: "/sys/devices/pci0000:00/0000:00:06.0/usb1/1-1"
2025-02-07T13:28:36.789012+00:00 ubuntu kernel: rcu: Preemptible hierarchical RCU implementation.
2025-02-07T13:28:36.789014+00:00 ubuntu kernel: rcu: 	RCU restricting CPUs from NR_CPUS=8192 to nr_cpu_ids=4.
2025-02-07T13:28:36.789015+00:00 ubuntu kernel: 	Trampoline variant of Tasks RCU enabled.
2025-02-07T13:28:36.789016+00:00 ubuntu kernel: 	Rude variant of Tasks RCU enabled.
2025-02-07T13:28:36.789017+00:00 ubuntu kernel: 	Tracing variant of Tasks RCU enabled.
2025-02-07T13:28:36.789017+00:00 ubuntu kernel: rcu: RCU calculated value of scheduler-enlistment delay is 100 jiffies.
2025-02-07T13:28:36.789022+00:00 ubuntu kernel: rcu: Adjusting geometry for rcu_fanout_leaf=16, nr_cpu_ids=4
2025-02-07T13:28:36.789024+00:00 ubuntu kernel: NR_IRQS: 524544, nr_irqs: 456, preallocated irqs: 16
2025-02-07T13:28:36.789025+00:00 ubuntu kernel: rcu: srcu_init: Setting srcu_struct sizes based on contention.
2025-02-07T13:28:36.789016+00:00 ubuntu mtp-probe: bus: 1, device: 2 was not an MTP device
2025-02-07T13:28:36.789026+00:00 ubuntu kernel: Console: colour VGA+ 80x25
2025-02-07T13:28:36.789032+00:00 ubuntu kernel: printk: legacy console [tty0] enabled
2025-02-07T13:28:36.789033+00:00 ubuntu kernel: ACPI: Core revision 20230628
2025-02-07T13:28:36.789034+00:00 ubuntu kernel: APIC: Switch to symmetric I/O mode setup
2025-02-07T13:28:36.789034+00:00 ubuntu systemd[1]: Listening on systemd-rfkill.socket - Load/Save RF Kill Switch Status /dev/rfkill Watch.
2025-02-07T13:28:36.789039+00:00 ubuntu kernel: x2apic enabled
2025-02-07T13:28:36.789041+00:00 ubuntu kernel: APIC: Switched APIC routing to: physical x2apic
2025-02-07T13:28:36.789042+00:00 ubuntu kernel: ..TIMER: vector=0x30 apic1=0 pin1=2 apic2=-1 pin2=-1
2025-02-07T13:28:36.789043+00:00 ubuntu kernel: clocksource: tsc-early: mask: 0xffffffffffffffff max_cycles: 0x23fa754787d, max_idle_ns: 440795210092 ns
2025-02-07T13:28:36.789044+00:00 ubuntu kernel: Calibrating delay loop (skipped) preset value.. 4991.99 BogoMIPS (lpj=2495998)
2025-02-07T13:28:36.789045+00:00 ubuntu kernel: Last level iTLB entries: 4KB 0, 2MB 0, 4MB 0
2025-02-07T13:28:36.789043+00:00 ubuntu (udev-worker)[851]: controlC0: Process '/usr/sbin/alsactl -E HOME=/run/alsa -E XDG_RUNTIME_DIR=/run/alsa/runtime restore 0' failed with exit code 99.
2025-02-07T13:28:36.789049+00:00 ubuntu kernel: Last level dTLB entries: 4KB 0, 2MB 0, 4MB 0, 1GB 0
2025-02-07T13:28:36.789052+00:00 ubuntu kernel: Spectre V1 : Mitigation: usercopy/swapgs barriers and __user pointer sanitization
2025-02-07T13:28:36.789052+00:00 ubuntu kernel: Spectre V2 : Mitigation: Retpolines
2025-02-07T13:28:36.789053+00:00 ubuntu kernel: Spectre V2 : Spectre v2 / SpectreRSB mitigation: Filling RSB on context switch
2025-02-07T13:28:36.789054+00:00 ubuntu kernel: Spectre V2 : Spectre v2 / SpectreRSB : Filling RSB on VMEXIT
2025-02-07T13:28:36.789055+00:00 ubuntu kernel: Speculative Store Bypass: Vulnerable
2025-02-07T13:28:36.789054+00:00 ubuntu systemd[1]: systemd-ask-password-console.path - Dispatch Password Requests to Console Directory Watch was skipped because of an unmet condition check (ConditionPathExists=!/run/plymouth/pid).
2025-02-07T13:28:36.789060+00:00 ubuntu kernel: MDS: Mitigation: Clear CPU buffers
2025-02-07T13:28:36.789062+00:00 ubuntu kernel: Register File Data Sampling: Vulnerable: No microcode
2025-02-07T13:28:36.789063+00:00 ubuntu kernel: x86/fpu: Supporting XSAVE feature 0x001: 'x87 floating point registers'
2025-02-07T13:28:36.789064+00:00 ubuntu kernel: x86/fpu: Supporting XSAVE feature 0x002: 'SSE registers'
2025-02-07T13:28:36.789064+00:00 ubuntu kernel: x86/fpu: Supporting XSAVE feature 0x004: 'AVX registers'
2025-02-07T13:28:36.789065+00:00 ubuntu kernel: x86/fpu: xstate_offset[2]:  576, xstate_sizes[2]:  256
2025-02-07T13:28:36.789066+00:00 ubuntu kernel: x86/fpu: Enabled xstate features 0x7, context size is 832 bytes, using 'standard' format.
2025-02-07T13:28:36.789064+00:00 ubuntu systemd[1]: Starting modprobe@dm_mod.service - Load Kernel Module dm_mod...
2025-02-07T13:28:36.789071+00:00 ubuntu kernel: Freeing SMP alternatives memory: 48K
2025-02-07T13:28:36.789073+00:00 ubuntu kernel: pid_max: default: 32768 minimum: 301
2025-02-07T13:28:36.789074+00:00 ubuntu kernel: LSM: initializing lsm=lockdown,capability,landlock,yama,apparmor,integrity
2025-02-07T13:28:36.789075+00:00 ubuntu kernel: landlock: Up and running.
2025-02-07T13:28:36.789076+00:00 ubuntu kernel: Yama: becoming mindful.
2025-02-07T13:28:36.789080+00:00 ubuntu kernel: AppArmor: AppArmor initialized
2025-02-07T13:28:36.789073+00:00 ubuntu systemd[1]: Starting modprobe@efi_pstore.service - Load Kernel Module efi_pstore...
2025-02-07T13:28:36.789085+00:00 ubuntu kernel: Mount-cache hash table entries: 32768 (order: 6, 262144 bytes, linear)
2025-02-07T13:28:36.789087+00:00 ubuntu kernel: Mountpoint-cache hash table entries: 32768 (order: 6, 262144 bytes, linear)
2025-02-07T13:28:36.789087+00:00 ubuntu kernel: APIC calibration not consistent with PM-Timer: 126ms instead of 100ms
2025-02-07T13:28:36.789088+00:00 ubuntu kernel: APIC delta adjusted to PM-Timer: 6345690 (8006011)
2025-02-07T13:28:36.789089+00:00 ubuntu kernel: smpboot: CPU0: 12th Gen Intel(R) Core(TM) i7-1270P (family: 0x6, model: 0x9a, stepping: 0x3)
2025-02-07T13:28:36.789090+00:00 ubuntu kernel: RCU Tasks: Setting shift to 2 and lim to 1 rcu_task_cb_adjust=1.
2025-02-07T13:28:36.789087+00:00 ubuntu systemd[1]: Starting modprobe@loop.service - Load Kernel Module loop...
2025-02-07T13:28:36.789095+00:00 ubuntu kernel: RCU Tasks Rude: Setting shift to 2 and lim to 1 rcu_task_cb_adjust=1.
2025-02-07T13:28:36.789097+00:00 ubuntu kernel: RCU Tasks Trace: Setting shift to 2 and lim to 1 rcu_task_cb_adjust=1.
2025-02-07T13:28:36.789098+00:00 ubuntu kernel: Performance Events: unsupported p6 CPU model 154 no PMU driver, software events only.
2025-02-07T13:28:36.789099+00:00 ubuntu kernel: signal: max sigframe size: 1776
2025-02-07T13:28:36.789099+00:00 ubuntu kernel: rcu: Hierarchical SRCU implementation.
2025-02-07T13:28:36.789096+00:00 ubuntu systemd[1]: systemd-hwdb-update.service - Rebuild Hardware Database was skipped because no trigger condition checks were met.
2025-02-07T13:28:36.789101+00:00 ubuntu kernel: rcu: 	Max phase no-delay instances is 400.
2025-02-07T13:28:36.789107+00:00 ubuntu kernel: NMI watchdog: Perf NMI watchdog permanently disabled
2025-02-07T13:28:36.789108+00:00 ubuntu systemd[1]: systemd-pcrmachine.service - TPM2 PCR Machine ID Measurement was skipped because of an unmet condition check (ConditionSecurity=measured-uki).
2025-02-07T13:28:36.789112+00:00 ubuntu kernel: smp: Bringing up secondary CPUs ...
2025-02-07T13:28:36.789115+00:00 ubuntu kernel: smpboot: x86: Booting SMP configuration:
2025-02-07T13:28:36.789115+00:00 ubuntu kernel: .... node  #0, CPUs:      #1 #2 #3
2025-02-07T13:28:36.789116+00:00 ubuntu kernel: smp: Brought up 1 node, 4 CPUs
2025-02-07T13:28:36.789117+00:00 ubuntu kernel: smpboot: Max logical packages: 1
2025-02-07T13:28:36.789118+00:00 ubuntu kernel: smpboot: Total of 4 processors activated (19967.98 BogoMIPS)
2025-02-07T13:28:36.789118+00:00 ubuntu systemd[1]: systemd-tpm2-setup-early.service - TPM2 SRK Setup (Early) was skipped because of an unmet condition check (ConditionSecurity=measured-uki).
2025-02-07T13:28:36.789123+00:00 ubuntu kernel: devtmpfs: initialized
2025-02-07T13:28:36.789125+00:00 ubuntu kernel: x86/mm: Memory block size: 128MB
2025-02-07T13:28:36.789126+00:00 ubuntu kernel: clocksource: jiffies: mask: 0xffffffff max_cycles: 0xffffffff, max_idle_ns: 1911260446275000 ns
2025-02-07T13:28:36.789127+00:00 ubuntu kernel: futex hash table entries: 1024 (order: 4, 65536 bytes, linear)
2025-02-07T13:28:36.789127+00:00 ubuntu kernel: pinctrl core: initialized pinctrl subsystem
2025-02-07T13:28:36.789128+00:00 ubuntu kernel: PM: RTC time: 13:27:48, date: 2025-02-07
2025-02-07T13:28:36.789129+00:00 ubuntu kernel: NET: Registered PF_NETLINK/PF_ROUTE protocol family
2025-02-07T13:28:36.789134+00:00 ubuntu kernel: DMA: preallocated 2048 KiB GFP_KERNEL pool for atomic allocations
2025-02-07T13:28:36.789127+00:00 ubuntu systemd[1]: systemd-tpm2-setup.service - TPM2 SRK Setup was skipped because of an unmet condition check (ConditionSecurity=measured-uki).
2025-02-07T13:28:36.789136+00:00 ubuntu kernel: DMA: preallocated 2048 KiB GFP_KERNEL|GFP_DMA pool for atomic allocations
2025-02-07T13:28:36.789141+00:00 ubuntu kernel: DMA: preallocated 2048 KiB GFP_KERNEL|GFP_DMA32 pool for atomic allocations
2025-02-07T13:28:36.789143+00:00 ubuntu kernel: audit: initializing netlink subsys (disabled)
2025-02-07T13:28:36.789143+00:00 ubuntu kernel: audit: type=2000 audit(1738934887.431:1): state=initialized audit_enabled=0 res=1
2025-02-07T13:28:36.789144+00:00 ubuntu kernel: thermal_sys: Registered thermal governor 'fair_share'
2025-02-07T13:28:36.789143+00:00 ubuntu systemd[1]: modprobe@efi_pstore.service: Deactivated successfully.
2025-02-07T13:28:36.789149+00:00 ubuntu kernel: thermal_sys: Registered thermal governor 'bang_bang'
2025-02-07T13:28:36.789151+00:00 ubuntu kernel: thermal_sys: Registered thermal governor 'step_wise'
2025-02-07T13:28:36.789152+00:00 ubuntu kernel: thermal_sys: Registered thermal governor 'user_space'
2025-02-07T13:28:36.789153+00:00 ubuntu kernel: thermal_sys: Registered thermal governor 'power_allocator'
2025-02-07T13:28:36.789154+00:00 ubuntu kernel: EISA bus registered
2025-02-07T13:28:36.789155+00:00 ubuntu kernel: cpuidle: using governor ladder
2025-02-07T13:28:36.789153+00:00 ubuntu systemd[1]: Finished modprobe@efi_pstore.service - Load Kernel Module efi_pstore.
2025-02-07T13:28:36.789159+00:00 ubuntu kernel: cpuidle: using governor menu
2025-02-07T13:28:36.789162+00:00 ubuntu kernel: acpiphp: ACPI Hot Plug PCI Controller Driver version: 0.5
2025-02-07T13:28:36.789162+00:00 ubuntu kernel: PCI: Using configuration type 1 for base access
2025-02-07T13:28:36.789163+00:00 ubuntu kernel: kprobes: kprobe jump-optimization is enabled. All kprobes are optimized if possible.
2025-02-07T13:28:36.789164+00:00 ubuntu kernel: HugeTLB: registered 2.00 MiB page size, pre-allocated 0 pages
2025-02-07T13:28:36.789165+00:00 ubuntu kernel: HugeTLB: 28 KiB vmemmap can be freed for a 2.00 MiB page
2025-02-07T13:28:36.789163+00:00 ubuntu systemd[1]: modprobe@dm_mod.service: Deactivated successfully.
2025-02-07T13:28:36.789165+00:00 ubuntu kernel: ACPI: Added _OSI(Module Device)
2025-02-07T13:28:36.789173+00:00 ubuntu kernel: ACPI: Added _OSI(Processor Device)
2025-02-07T13:28:36.789175+00:00 ubuntu kernel: ACPI: Added _OSI(3.0 _SCP Extensions)
2025-02-07T13:28:36.789172+00:00 ubuntu systemd[1]: Finished modprobe@dm_mod.service - Load Kernel Module dm_mod.
2025-02-07T13:28:36.789176+00:00 ubuntu kernel: ACPI: Added _OSI(Processor Aggregator Device)
2025-02-07T13:28:36.789177+00:00 ubuntu kernel: ACPI: 2 ACPI AML tables successfully acquired and loaded
2025-02-07T13:28:36.789178+00:00 ubuntu kernel: ACPI: _OSC evaluation for CPUs failed, trying _PDC
2025-02-07T13:28:36.789179+00:00 ubuntu kernel: ACPI: Interpreter enabled
2025-02-07T13:28:36.789181+00:00 ubuntu systemd[1]: modprobe@loop.service: Deactivated successfully.
2025-02-07T13:28:36.789190+00:00 ubuntu systemd[1]: Finished modprobe@loop.service - Load Kernel Module loop.
2025-02-07T13:28:36.789195+00:00 ubuntu kernel: ACPI: PM: (supports S0 S5)
2025-02-07T13:28:36.789197+00:00 ubuntu kernel: ACPI: Using IOAPIC for interrupt routing
2025-02-07T13:28:36.789198+00:00 ubuntu kernel: PCI: Using host bridge windows from ACPI; if necessary, use "pci=nocrs" and report a bug
2025-02-07T13:28:36.789199+00:00 ubuntu kernel: PCI: Using E820 reservations for host bridge windows
2025-02-07T13:28:36.789200+00:00 ubuntu kernel: ACPI: Enabled 2 GPEs in block 00 to 07
2025-02-07T13:28:36.789201+00:00 ubuntu kernel: ACPI: PCI Root Bridge [PCI0] (domain 0000 [bus 00-ff])
2025-02-07T13:28:36.789201+00:00 ubuntu kernel: acpi PNP0A03:00: _OSC: OS supports [ASPM ClockPM Segments MSI EDR HPX-Type3]
2025-02-07T13:28:36.789210+00:00 ubuntu kernel: acpi PNP0A03:00: _OSC: not requesting OS control; OS requires [ExtendedConfig ASPM ClockPM MSI]
2025-02-07T13:28:36.789212+00:00 ubuntu kernel: acpi PNP0A03:00: fail to add MMCONFIG information, can't access extended configuration space under this bridge
2025-02-07T13:28:36.789213+00:00 ubuntu kernel: PCI host bridge to bus 0000:00
2025-02-07T13:28:36.789199+00:00 ubuntu systemd[1]: systemd-pstore.service - Platform Persistent Storage Archival was skipped because of an unmet condition check (ConditionDirectoryNotEmpty=/sys/fs/pstore).
2025-02-07T13:28:36.789214+00:00 ubuntu kernel: pci_bus 0000:00: root bus resource [io  0x0000-0x0cf7 window]
2025-02-07T13:28:36.789220+00:00 ubuntu kernel: pci_bus 0000:00: root bus resource [io  0x0d00-0xffff window]
2025-02-07T13:28:36.789221+00:00 ubuntu kernel: pci_bus 0000:00: root bus resource [mem 0x000a0000-0x000bffff window]
2025-02-07T13:28:36.789222+00:00 ubuntu systemd[1]: systemd-repart.service - Repartition Root Disk was skipped because no trigger condition checks were met.
2025-02-07T13:28:36.789229+00:00 ubuntu kernel: pci_bus 0000:00: root bus resource [mem 0xe0000000-0xfdffffff window]
2025-02-07T13:28:36.789231+00:00 ubuntu kernel: pci_bus 0000:00: root bus resource [bus 00-ff]
2025-02-07T13:28:36.789232+00:00 ubuntu kernel: pci 0000:00:00.0: [8086:1237] type 00 class 0x060000 conventional PCI endpoint
2025-02-07T13:28:36.789231+00:00 ubuntu systemd[1]: Finished systemd-udev-settle.service - Wait for udev To Complete Device Initialization.
2025-02-07T13:28:36.789241+00:00 ubuntu systemd[1]: Starting zfs-load-module.service - Install ZFS kernel module...
2025-02-07T13:28:36.789250+00:00 ubuntu systemd[1]: netplan-ovs-cleanup.service - OpenVSwitch configuration for cleanup was skipped because of an unmet condition check (ConditionFileIsExecutable=/usr/bin/ovs-vsctl).
2025-02-07T13:28:36.789259+00:00 ubuntu systemd[1]: Reloading requested from client PID 1179 ('systemctl') (unit cloud-init-local.service)...
2025-02-07T13:28:36.789274+00:00 ubuntu systemd[1]: Reloading...
2025-02-07T13:28:36.789283+00:00 ubuntu systemd[1]: Configuration file /run/systemd/system/netplan-ovs-cleanup.service is marked world-inaccessible. This has no effect as configuration data is accessible via APIs without restrictions. Proceeding anyway.
2025-02-07T13:28:36.789296+00:00 ubuntu systemd[1]: Reloading finished in 518 ms.
2025-02-07T13:28:36.789306+00:00 ubuntu systemd[1]: Finished cloud-init-local.service - Initial cloud-init job (pre-networking).
2025-02-07T13:28:36.789316+00:00 ubuntu kernel: pci 0000:00:01.0: [8086:7000] type 00 class 0x060100 conventional PCI endpoint
2025-02-07T13:28:36.789318+00:00 ubuntu kernel: pci 0000:00:01.1: [8086:7111] type 00 class 0x01018a conventional PCI endpoint
2025-02-07T13:28:36.789319+00:00 ubuntu kernel: pci 0000:00:01.1: BAR 4 [io  0xd000-0xd00f]
2025-02-07T13:28:36.789315+00:00 ubuntu systemd[1]: Finished zfs-load-module.service - Install ZFS kernel module.
2025-02-07T13:28:36.789333+00:00 ubuntu kernel: pci 0000:00:01.1: BAR 0 [io  0x01f0-0x01f7]: legacy IDE quirk
2025-02-07T13:28:36.789335+00:00 ubuntu kernel: pci 0000:00:01.1: BAR 1 [io  0x03f6]: legacy IDE quirk
2025-02-07T13:28:36.789336+00:00 ubuntu kernel: pci 0000:00:01.1: BAR 2 [io  0x0170-0x0177]: legacy IDE quirk
2025-02-07T13:28:36.789337+00:00 ubuntu kernel: pci 0000:00:01.1: BAR 3 [io  0x0376]: legacy IDE quirk
2025-02-07T13:28:36.789333+00:00 ubuntu systemd[1]: zfs-import-cache.service - Import ZFS pools by cache file was skipped because of an unmet condition check (ConditionFileNotEmpty=/etc/zfs/zpool.cache).
2025-02-07T13:28:36.789337+00:00 ubuntu kernel: pci 0000:00:02.0: [15ad:0405] type 00 class 0x030000 conventional PCI endpoint
2025-02-07T13:28:36.789338+00:00 ubuntu kernel: pci 0000:00:02.0: BAR 0 [io  0xd010-0xd01f]
2025-02-07T13:28:36.789339+00:00 ubuntu kernel: pci 0000:00:02.0: BAR 1 [mem 0xe0000000-0xe3ffffff pref]
2025-02-07T13:28:36.789342+00:00 ubuntu systemd[1]: Reached target zfs-import.target - ZFS pool import target.
2025-02-07T13:28:36.789347+00:00 ubuntu kernel: pci 0000:00:02.0: BAR 2 [mem 0xf0000000-0xf01fffff]
2025-02-07T13:28:36.789349+00:00 ubuntu kernel: pci 0000:00:02.0: Video device with shadowed ROM at [mem 0x000c0000-0x000dffff]
2025-02-07T13:28:36.789350+00:00 ubuntu kernel: pci 0000:00:03.0: [8086:100e] type 00 class 0x020000 conventional PCI endpoint
2025-02-07T13:28:36.789351+00:00 ubuntu kernel: pci 0000:00:03.0: BAR 0 [mem 0xf0200000-0xf021ffff]
2025-02-07T13:28:36.789352+00:00 ubuntu kernel: pci 0000:00:03.0: BAR 2 [io  0xd020-0xd027]
2025-02-07T13:28:36.789352+00:00 ubuntu kernel: pci 0000:00:04.0: [80ee:cafe] type 00 class 0x088000 conventional PCI endpoint
2025-02-07T13:28:36.789351+00:00 ubuntu systemd[1]: Starting zfs-mount.service - Mount ZFS filesystems...
2025-02-07T13:28:36.789360+00:00 ubuntu kernel: pci 0000:00:04.0: BAR 0 [io  0xd040-0xd05f]
2025-02-07T13:28:36.789362+00:00 ubuntu kernel: pci 0000:00:04.0: BAR 1 [mem 0xf0400000-0xf07fffff]
2025-02-07T13:28:36.789363+00:00 ubuntu kernel: pci 0000:00:04.0: BAR 2 [mem 0xf0800000-0xf0803fff pref]
2025-02-07T13:28:36.789360+00:00 ubuntu systemd[1]: Starting zfs-volume-wait.service - Wait for ZFS Volume (zvol) links in /dev...
2025-02-07T13:28:36.789364+00:00 ubuntu kernel: pci 0000:00:05.0: [8086:2415] type 00 class 0x040100 conventional PCI endpoint
2025-02-07T13:28:36.789370+00:00 ubuntu kernel: pci 0000:00:05.0: BAR 0 [io  0xd100-0xd1ff]
2025-02-07T13:28:36.789371+00:00 ubuntu kernel: pci 0000:00:05.0: BAR 1 [io  0xd200-0xd23f]
2025-02-07T13:28:36.789372+00:00 ubuntu systemd[1]: Finished zfs-mount.service - Mount ZFS filesystems.
2025-02-07T13:28:36.789379+00:00 ubuntu kernel: pci 0000:00:06.0: [106b:003f] type 00 class 0x0c0310 conventional PCI endpoint
2025-02-07T13:28:36.789381+00:00 ubuntu kernel: pci 0000:00:06.0: BAR 0 [mem 0xf0804000-0xf0804fff]
2025-02-07T13:28:36.789382+00:00 ubuntu kernel: pci 0000:00:07.0: [8086:7113] type 00 class 0x068000 conventional PCI endpoint
2025-02-07T13:28:36.789383+00:00 ubuntu kernel: pci 0000:00:07.0: quirk: [io  0x4000-0x403f] claimed by PIIX4 ACPI
2025-02-07T13:28:36.789384+00:00 ubuntu kernel: pci 0000:00:07.0: quirk: [io  0x4100-0x410f] claimed by PIIX4 SMB
2025-02-07T13:28:36.789384+00:00 ubuntu kernel: pci 0000:00:0b.0: [8086:265c] type 00 class 0x0c0320 conventional PCI endpoint
2025-02-07T13:28:36.789385+00:00 ubuntu kernel: pci 0000:00:0b.0: BAR 0 [mem 0xf0805000-0xf0805fff]
2025-02-07T13:28:36.789381+00:00 ubuntu systemd[1]: Reached target snapd.mounts-pre.target - Mounting snaps.
2025-02-07T13:28:36.789393+00:00 ubuntu kernel: pci 0000:00:0d.0: [8086:2829] type 00 class 0x010601 conventional PCI endpoint
2025-02-07T13:28:36.789396+00:00 ubuntu kernel: pci 0000:00:0d.0: BAR 0 [io  0xd240-0xd247]
2025-02-07T13:28:36.789396+00:00 ubuntu kernel: pci 0000:00:0d.0: BAR 1 [io  0xd248-0xd24b]
2025-02-07T13:28:36.789397+00:00 ubuntu kernel: pci 0000:00:0d.0: BAR 2 [io  0xd250-0xd257]
2025-02-07T13:28:36.789398+00:00 ubuntu kernel: pci 0000:00:0d.0: BAR 3 [io  0xd258-0xd25b]
2025-02-07T13:28:36.789399+00:00 ubuntu kernel: pci 0000:00:0d.0: BAR 4 [io  0xd260-0xd26f]
2025-02-07T13:28:36.789395+00:00 ubuntu zvol_wait[1218]: No zvols found, nothing to do.
2025-02-07T13:28:36.789407+00:00 ubuntu kernel: pci 0000:00:0d.0: BAR 5 [mem 0xf0806000-0xf0807fff]
2025-02-07T13:28:36.789409+00:00 ubuntu kernel: ACPI: PCI: Interrupt link LNKA configured for IRQ 11
2025-02-07T13:28:36.789406+00:00 ubuntu systemd[1]: Mounting snap-bare-5.mount - Mount unit for bare, revision 5...
2025-02-07T13:28:36.789410+00:00 ubuntu kernel: ACPI: PCI: Interrupt link LNKB configured for IRQ 10
2025-02-07T13:28:36.789411+00:00 ubuntu kernel: ACPI: PCI: Interrupt link LNKC configured for IRQ 9
2025-02-07T13:28:36.789412+00:00 ubuntu kernel: ACPI: PCI: Interrupt link LNKD configured for IRQ 11
2025-02-07T13:28:36.789413+00:00 ubuntu kernel: iommu: Default domain type: Translated
2025-02-07T13:28:36.789414+00:00 ubuntu kernel: iommu: DMA domain TLB invalidation policy: lazy mode
2025-02-07T13:28:36.789415+00:00 ubuntu systemd[1]: Mounting snap-core22-1564.mount - Mount unit for core22, revision 1564...
2025-02-07T13:28:36.789422+00:00 ubuntu kernel: SCSI subsystem initialized
2025-02-07T13:28:36.789424+00:00 ubuntu kernel: libata version 3.00 loaded.
2025-02-07T13:28:36.789425+00:00 ubuntu kernel: ACPI: bus type USB registered
2025-02-07T13:28:36.789425+00:00 ubuntu kernel: usbcore: registered new interface driver usbfs
2025-02-07T13:28:36.789426+00:00 ubuntu kernel: usbcore: registered new interface driver hub
2025-02-07T13:28:36.789427+00:00 ubuntu kernel: usbcore: registered new device driver usb
2025-02-07T13:28:36.789424+00:00 ubuntu systemd[1]: Mounting snap-firefox-4793.mount - Mount unit for firefox, revision 4793...
2025-02-07T13:28:36.789438+00:00 ubuntu kernel: pps_core: LinuxPPS API ver. 1 registered
2025-02-07T13:28:36.789440+00:00 ubuntu kernel: pps_core: Software ver. 5.3.6 - Copyright 2005-2007 Rodolfo Giometti <giometti@linux.it>
2025-02-07T13:28:36.789441+00:00 ubuntu kernel: PTP clock support registered
2025-02-07T13:28:36.789442+00:00 ubuntu kernel: EDAC MC: Ver: 3.0.0
2025-02-07T13:28:36.789442+00:00 ubuntu kernel: NetLabel: Initializing
2025-02-07T13:28:36.789443+00:00 ubuntu kernel: NetLabel:  domain hash size = 128
2025-02-07T13:28:36.789439+00:00 ubuntu systemd[1]: Mounting snap-firmware\x2dupdater-127.mount - Mount unit for firmware-updater, revision 127...
2025-02-07T13:28:36.789451+00:00 ubuntu kernel: NetLabel:  protocols = UNLABELED CIPSOv4 CALIPSO
2025-02-07T13:28:36.789453+00:00 ubuntu kernel: NetLabel:  unlabeled traffic allowed by default
2025-02-07T13:28:36.789454+00:00 ubuntu kernel: mctp: management component transport protocol core
2025-02-07T13:28:36.789455+00:00 ubuntu kernel: NET: Registered PF_MCTP protocol family
2025-02-07T13:28:36.789455+00:00 ubuntu kernel: PCI: Using ACPI for IRQ routing
2025-02-07T13:28:36.789456+00:00 ubuntu kernel: PCI: pci_cache_line_size set to 64 bytes
2025-02-07T13:28:36.789457+00:00 ubuntu kernel: e820: reserve RAM buffer [mem 0x0009fc00-0x0009ffff]
2025-02-07T13:28:36.789465+00:00 ubuntu kernel: e820: reserve RAM buffer [mem 0xdfff0000-0xdfffffff]
2025-02-07T13:28:36.789450+00:00 ubuntu systemd[1]: Mounting snap-gnome\x2d42\x2d2204-176.mount - Mount unit for gnome-42-2204, revision 176...
2025-02-07T13:28:36.789467+00:00 ubuntu kernel: e820: reserve RAM buffer [mem 0x31ef00000-0x31fffffff]
2025-02-07T13:28:36.789471+00:00 ubuntu kernel: pci 0000:00:02.0: vgaarb: setting as boot VGA device
2025-02-07T13:28:36.789472+00:00 ubuntu kernel: pci 0000:00:02.0: vgaarb: bridge control possible
2025-02-07T13:28:36.789473+00:00 ubuntu kernel: pci 0000:00:02.0: vgaarb: VGA device added: decodes=io+mem,owns=io+mem,locks=none
2025-02-07T13:28:36.789474+00:00 ubuntu kernel: vgaarb: loaded
2025-02-07T13:28:36.789473+00:00 ubuntu systemd[1]: Mounting snap-gtk\x2dcommon\x2dthemes-1535.mount - Mount unit for gtk-common-themes, revision 1535...
2025-02-07T13:28:36.789481+00:00 ubuntu kernel: clocksource: Switched to clocksource kvm-clock
2025-02-07T13:28:36.789483+00:00 ubuntu kernel: VFS: Disk quotas dquot_6.6.0
2025-02-07T13:28:36.789484+00:00 ubuntu kernel: VFS: Dquot-cache hash table entries: 512 (order 0, 4096 bytes)
2025-02-07T13:28:36.789485+00:00 ubuntu kernel: AppArmor: AppArmor Filesystem Enabled
2025-02-07T13:28:36.789486+00:00 ubuntu kernel: pnp: PnP ACPI init
2025-02-07T13:28:36.789487+00:00 ubuntu kernel: pnp: PnP ACPI: found 2 devices
2025-02-07T13:28:36.789488+00:00 ubuntu kernel: clocksource: acpi_pm: mask: 0xffffff max_cycles: 0xffffff, max_idle_ns: 2085701024 ns
2025-02-07T13:28:36.789485+00:00 ubuntu systemd[1]: Mounting snap-snap\x2dstore-1173.mount - Mount unit for snap-store, revision 1173...
2025-02-07T13:28:36.789499+00:00 ubuntu kernel: NET: Registered PF_INET protocol family
2025-02-07T13:28:36.789501+00:00 ubuntu kernel: IP idents hash table entries: 262144 (order: 9, 2097152 bytes, linear)
2025-02-07T13:28:36.789502+00:00 ubuntu kernel: tcp_listen_portaddr_hash hash table entries: 8192 (order: 5, 131072 bytes, linear)
2025-02-07T13:28:36.789503+00:00 ubuntu kernel: Table-perturb hash table entries: 65536 (order: 6, 262144 bytes, linear)
2025-02-07T13:28:36.789504+00:00 ubuntu kernel: TCP established hash table entries: 131072 (order: 8, 1048576 bytes, linear)
2025-02-07T13:28:36.789504+00:00 ubuntu kernel: TCP bind hash table entries: 65536 (order: 9, 2097152 bytes, linear)
2025-02-07T13:28:36.789500+00:00 ubuntu systemd[1]: Mounting snap-snapd-21759.mount - Mount unit for snapd, revision 21759...
2025-02-07T13:28:36.789515+00:00 ubuntu kernel: TCP: Hash tables configured (established 131072 bind 65536)
2025-02-07T13:28:36.789511+00:00 ubuntu systemd[1]: Mounting snap-snapd\x2ddesktop\x2dintegration-178.mount - Mount unit for snapd-desktop-integration, revision 178...
2025-02-07T13:28:36.789524+00:00 ubuntu kernel: MPTCP token hash table entries: 16384 (order: 6, 393216 bytes, linear)
2025-02-07T13:28:36.789526+00:00 ubuntu kernel: UDP hash table entries: 8192 (order: 6, 262144 bytes, linear)
2025-02-07T13:28:36.789527+00:00 ubuntu kernel: UDP-Lite hash table entries: 8192 (order: 6, 262144 bytes, linear)
2025-02-07T13:28:36.789528+00:00 ubuntu kernel: NET: Registered PF_UNIX/PF_LOCAL protocol family
2025-02-07T13:28:36.789529+00:00 ubuntu kernel: NET: Registered PF_XDP protocol family
2025-02-07T13:28:36.789536+00:00 ubuntu kernel: pci_bus 0000:00: resource 4 [io  0x0000-0x0cf7 window]
2025-02-07T13:28:36.789538+00:00 ubuntu kernel: pci_bus 0000:00: resource 5 [io  0x0d00-0xffff window]
2025-02-07T13:28:36.789539+00:00 ubuntu kernel: pci_bus 0000:00: resource 6 [mem 0x000a0000-0x000bffff window]
2025-02-07T13:28:36.789540+00:00 ubuntu kernel: pci_bus 0000:00: resource 7 [mem 0xe0000000-0xfdffffff window]
2025-02-07T13:28:36.789541+00:00 ubuntu kernel: pci 0000:00:00.0: Limiting direct PCI/PCI transfers
2025-02-07T13:28:36.789541+00:00 ubuntu kernel: PCI: CLS 0 bytes, default 64
2025-02-07T13:28:36.789542+00:00 ubuntu kernel: Trying to unpack rootfs image as initramfs...
2025-02-07T13:28:36.789532+00:00 ubuntu systemd[1]: Mounting snap-thunderbird-507.mount - Mount unit for thunderbird, revision 507...
2025-02-07T13:28:36.789550+00:00 ubuntu kernel: PCI-DMA: Using software bounce buffering for IO (SWIOTLB)
2025-02-07T13:28:36.789548+00:00 ubuntu systemd[1]: Mounting snap-ubuntu\x2ddesktop\x2dbootstrap-237.mount - Mount unit for ubuntu-desktop-bootstrap, revision 237...
2025-02-07T13:28:36.789552+00:00 ubuntu kernel: software IO TLB: mapped [mem 0x00000000dbff0000-0x00000000dfff0000] (64MB)
2025-02-07T13:28:36.789554+00:00 ubuntu kernel: clocksource: tsc: mask: 0xffffffffffffffff max_cycles: 0x23fa754787d, max_idle_ns: 440795210092 ns
2025-02-07T13:28:36.789554+00:00 ubuntu kernel: clocksource: Switched to clocksource tsc
2025-02-07T13:28:36.789555+00:00 ubuntu kernel: platform rtc_cmos: registered platform RTC device (no PNP device found)
2025-02-07T13:28:36.789556+00:00 ubuntu kernel: Initialise system trusted keyrings
2025-02-07T13:28:36.789557+00:00 ubuntu systemd[1]: Finished zfs-volume-wait.service - Wait for ZFS Volume (zvol) links in /dev.
2025-02-07T13:28:36.789564+00:00 ubuntu kernel: Key type blacklist registered
2025-02-07T13:28:36.789566+00:00 ubuntu kernel: workingset: timestamp_bits=36 max_order=22 bucket_order=0
2025-02-07T13:28:36.789567+00:00 ubuntu kernel: zbud: loaded
2025-02-07T13:28:36.789568+00:00 ubuntu kernel: squashfs: version 4.0 (2009/01/31) Phillip Lougher
2025-02-07T13:28:36.789569+00:00 ubuntu kernel: fuse: init (API version 7.39)
2025-02-07T13:28:36.789570+00:00 ubuntu kernel: integrity: Platform Keyring initialized
2025-02-07T13:28:36.789566+00:00 ubuntu systemd[1]: Mounted snap-bare-5.mount - Mount unit for bare, revision 5.
2025-02-07T13:28:36.789570+00:00 ubuntu kernel: integrity: Machine keyring initialized
2025-02-07T13:28:36.789578+00:00 ubuntu systemd[1]: Reached target zfs-volumes.target - ZFS volumes are ready.
2025-02-07T13:28:36.789583+00:00 ubuntu kernel: Key type asymmetric registered
2025-02-07T13:28:36.789585+00:00 ubuntu kernel: Asymmetric key parser 'x509' registered
2025-02-07T13:28:36.789586+00:00 ubuntu kernel: Block layer SCSI generic (bsg) driver version 0.4 loaded (major 243)
2025-02-07T13:28:36.789587+00:00 ubuntu kernel: io scheduler mq-deadline registered
2025-02-07T13:28:36.789588+00:00 ubuntu kernel: shpchp: Standard Hot Plug PCI Controller Driver version: 0.4
2025-02-07T13:28:36.789588+00:00 ubuntu kernel: ACPI: AC: AC Adapter [AC] (off-line)
2025-02-07T13:28:36.789588+00:00 ubuntu systemd[1]: Mounted snap-core22-1564.mount - Mount unit for core22, revision 1564.
2025-02-07T13:28:36.789596+00:00 ubuntu kernel: input: Power Button as /devices/LNXSYSTM:00/LNXPWRBN:00/input/input0
2025-02-07T13:28:36.789598+00:00 ubuntu kernel: ACPI: button: Power Button [PWRF]
2025-02-07T13:28:36.789597+00:00 ubuntu systemd[1]: Mounted snap-firefox-4793.mount - Mount unit for firefox, revision 4793.
2025-02-07T13:28:36.789611+00:00 ubuntu systemd[1]: Mounted snap-firmware\x2dupdater-127.mount - Mount unit for firmware-updater, revision 127.
2025-02-07T13:28:36.789620+00:00 ubuntu systemd[1]: Mounted snap-ubuntu\x2ddesktop\x2dbootstrap-237.mount - Mount unit for ubuntu-desktop-bootstrap, revision 237.
2025-02-07T13:28:36.789630+00:00 ubuntu systemd[1]: Mounted snap-thunderbird-507.mount - Mount unit for thunderbird, revision 507.
2025-02-07T13:28:36.789718+00:00 ubuntu kernel: input: Sleep Button as /devices/LNXSYSTM:00/LNXSLPBN:00/input/input1
2025-02-07T13:28:36.789721+00:00 ubuntu kernel: ACPI: button: Sleep Button [SLPF]
2025-02-07T13:28:36.789722+00:00 ubuntu kernel: Serial: 8250/16550 driver, 32 ports, IRQ sharing enabled
2025-02-07T13:28:36.789723+00:00 ubuntu kernel: ACPI: battery: Slot [BAT0] (battery present)
2025-02-07T13:28:36.789639+00:00 ubuntu systemd[1]: Mounted snap-snap\x2dstore-1173.mount - Mount unit for snap-store, revision 1173.
2025-02-07T13:28:36.789732+00:00 ubuntu kernel: Linux agpgart interface v0.103
2025-02-07T13:28:36.789734+00:00 ubuntu kernel: loop: module loaded
2025-02-07T13:28:36.789735+00:00 ubuntu kernel: ata_piix 0000:00:01.1: version 2.13
2025-02-07T13:28:36.789736+00:00 ubuntu kernel: scsi host0: ata_piix
2025-02-07T13:28:36.789736+00:00 ubuntu kernel: scsi host1: ata_piix
2025-02-07T13:28:36.789738+00:00 ubuntu kernel: ata1: PATA max UDMA/33 cmd 0x1f0 ctl 0x3f6 bmdma 0xd000 irq 14 lpm-pol 0
2025-02-07T13:28:36.789738+00:00 ubuntu kernel: ata2: PATA max UDMA/33 cmd 0x170 ctl 0x376 bmdma 0xd008 irq 15 lpm-pol 0
2025-02-07T13:28:36.789733+00:00 ubuntu systemd[1]: Mounted snap-snapd-21759.mount - Mount unit for snapd, revision 21759.
2025-02-07T13:28:36.789746+00:00 ubuntu kernel: ACPI: bus type drm_connector registered
2025-02-07T13:28:36.789749+00:00 ubuntu kernel: tun: Universal TUN/TAP device driver, 1.6
2025-02-07T13:28:36.789749+00:00 ubuntu kernel: PPP generic driver version 2.4.2
2025-02-07T13:28:36.789750+00:00 ubuntu kernel: ohci-pci 0000:00:06.0: OHCI PCI host controller
2025-02-07T13:28:36.789748+00:00 ubuntu systemd[1]: Mounted snap-snapd\x2ddesktop\x2dintegration-178.mount - Mount unit for snapd-desktop-integration, revision 178.
2025-02-07T13:28:36.789751+00:00 ubuntu kernel: ohci-pci 0000:00:06.0: new USB bus registered, assigned bus number 1
2025-02-07T13:28:36.789759+00:00 ubuntu kernel: ohci-pci 0000:00:06.0: irq 22, io mem 0xf0804000
2025-02-07T13:28:36.789760+00:00 ubuntu systemd[1]: Mounted snap-gnome\x2d42\x2d2204-176.mount - Mount unit for gnome-42-2204, revision 176.
2025-02-07T13:28:36.789768+00:00 ubuntu kernel: usb usb1: New USB device found, idVendor=1d6b, idProduct=0001, bcdDevice= 6.08
2025-02-07T13:28:36.789770+00:00 ubuntu kernel: usb usb1: New USB device strings: Mfr=3, Product=2, SerialNumber=1
2025-02-07T13:28:36.789771+00:00 ubuntu kernel: usb usb1: Product: OHCI PCI host controller
2025-02-07T13:28:36.789772+00:00 ubuntu kernel: usb usb1: Manufacturer: Linux 6.8.0-41-generic ohci_hcd
2025-02-07T13:28:36.789772+00:00 ubuntu kernel: usb usb1: SerialNumber: 0000:00:06.0
2025-02-07T13:28:36.789773+00:00 ubuntu kernel: hub 1-0:1.0: USB hub found
2025-02-07T13:28:36.789774+00:00 ubuntu kernel: hub 1-0:1.0: 12 ports detected
2025-02-07T13:28:36.789770+00:00 ubuntu systemd[1]: Mounted snap-gtk\x2dcommon\x2dthemes-1535.mount - Mount unit for gtk-common-themes, revision 1535.
2025-02-07T13:28:36.789781+00:00 ubuntu kernel: ehci-pci 0000:00:0b.0: EHCI Host Controller
2025-02-07T13:28:36.789780+00:00 ubuntu systemd[1]: Reached target snapd.mounts.target - Mounted snaps.
2025-02-07T13:28:36.789784+00:00 ubuntu kernel: ehci-pci 0000:00:0b.0: new USB bus registered, assigned bus number 2
2025-02-07T13:28:36.789785+00:00 ubuntu kernel: i8042: PNP: PS/2 Controller [PNP0303:PS2K,PNP0f03:PS2M] at 0x60,0x64 irq 1,12
2025-02-07T13:28:36.789786+00:00 ubuntu kernel: ehci-pci 0000:00:0b.0: irq 19, io mem 0xf0805000
2025-02-07T13:28:36.789786+00:00 ubuntu kernel: serio: i8042 KBD port at 0x60,0x64 irq 1
2025-02-07T13:28:36.789787+00:00 ubuntu kernel: serio: i8042 AUX port at 0x60,0x64 irq 12
2025-02-07T13:28:36.789788+00:00 ubuntu systemd[1]: Reached target local-fs.target - Local File Systems.
2025-02-07T13:28:36.789795+00:00 ubuntu kernel: mousedev: PS/2 mouse device common for all mice
2025-02-07T13:28:36.789797+00:00 ubuntu kernel: input: AT Translated Set 2 keyboard as /devices/platform/i8042/serio0/input/input2
2025-02-07T13:28:36.789798+00:00 ubuntu kernel: rtc_cmos rtc_cmos: registered as rtc0
2025-02-07T13:28:36.789799+00:00 ubuntu kernel: rtc_cmos rtc_cmos: setting system clock to 2025-02-07T13:27:49 UTC (1738934869)
2025-02-07T13:28:36.789800+00:00 ubuntu kernel: rtc_cmos rtc_cmos: alarms up to one day, 114 bytes nvram
2025-02-07T13:28:36.789800+00:00 ubuntu kernel: i2c_dev: i2c /dev entries driver
2025-02-07T13:28:36.789798+00:00 ubuntu systemd[1]: Listening on systemd-sysext.socket - System Extension Image Management (Varlink).
2025-02-07T13:28:36.789809+00:00 ubuntu kernel: device-mapper: core: CONFIG_IMA_DISABLE_HTABLE is disabled. Duplicate IMA measurements will not be recorded in the IMA log.
2025-02-07T13:28:36.789811+00:00 ubuntu kernel: device-mapper: uevent: version 1.0.3
2025-02-07T13:28:36.789812+00:00 ubuntu kernel: device-mapper: ioctl: 4.48.0-ioctl (2023-03-01) initialised: dm-devel@redhat.com
2025-02-07T13:28:36.789813+00:00 ubuntu kernel: platform eisa.0: Probing EISA bus 0
2025-02-07T13:28:36.789814+00:00 ubuntu kernel: platform eisa.0: EISA: Cannot allocate resource for mainboard
2025-02-07T13:28:36.789814+00:00 ubuntu kernel: platform eisa.0: Cannot allocate resource for EISA slot 1
2025-02-07T13:28:36.789815+00:00 ubuntu kernel: platform eisa.0: Cannot allocate resource for EISA slot 2
2025-02-07T13:28:36.789813+00:00 ubuntu systemd[1]: apparmor.service - Load AppArmor profiles was skipped because of an unmet condition check (ConditionPathExists=!/rofs/etc/apparmor.d).
2025-02-07T13:28:36.789823+00:00 ubuntu kernel: platform eisa.0: Cannot allocate resource for EISA slot 3
2025-02-07T13:28:36.789825+00:00 ubuntu kernel: platform eisa.0: Cannot allocate resource for EISA slot 4
2025-02-07T13:28:36.789826+00:00 ubuntu kernel: platform eisa.0: Cannot allocate resource for EISA slot 5
2025-02-07T13:28:36.789822+00:00 ubuntu systemd[1]: Starting console-setup.service - Set console font and keymap...
2025-02-07T13:28:36.789827+00:00 ubuntu kernel: platform eisa.0: Cannot allocate resource for EISA slot 6
2025-02-07T13:28:36.789833+00:00 ubuntu kernel: platform eisa.0: Cannot allocate resource for EISA slot 7
2025-02-07T13:28:36.789834+00:00 ubuntu kernel: platform eisa.0: Cannot allocate resource for EISA slot 8
2025-02-07T13:28:36.789835+00:00 ubuntu systemd[1]: Starting finalrd.service - Create final runtime dir for shutdown pivot root...
2025-02-07T13:28:36.789842+00:00 ubuntu kernel: platform eisa.0: EISA: Detected 0 cards
2025-02-07T13:28:36.789844+00:00 ubuntu kernel: intel_pstate: CPU model not supported
2025-02-07T13:28:36.789845+00:00 ubuntu kernel: ledtrig-cpu: registered to indicate activity on CPUs
2025-02-07T13:28:36.789846+00:00 ubuntu kernel: drop_monitor: Initializing network drop monitor service
2025-02-07T13:28:36.789846+00:00 ubuntu kernel: NET: Registered PF_INET6 protocol family
2025-02-07T13:28:36.789847+00:00 ubuntu kernel: ehci-pci 0000:00:0b.0: USB 2.0 started, EHCI 1.00
2025-02-07T13:28:36.789844+00:00 ubuntu systemd[1]: Starting ldconfig.service - Rebuild Dynamic Linker Cache...
2025-02-07T13:28:36.789855+00:00 ubuntu kernel: usb usb2: New USB device found, idVendor=1d6b, idProduct=0002, bcdDevice= 6.08
2025-02-07T13:28:36.789857+00:00 ubuntu kernel: usb usb2: New USB device strings: Mfr=3, Product=2, SerialNumber=1
2025-02-07T13:28:36.789858+00:00 ubuntu kernel: usb usb2: Product: EHCI Host Controller
2025-02-07T13:28:36.789858+00:00 ubuntu kernel: usb usb2: Manufacturer: Linux 6.8.0-41-generic ehci_hcd
2025-02-07T13:28:36.789859+00:00 ubuntu kernel: usb usb2: SerialNumber: 0000:00:0b.0
2025-02-07T13:28:36.789860+00:00 ubuntu kernel: hub 2-0:1.0: USB hub found
2025-02-07T13:28:36.789861+00:00 ubuntu kernel: hub 2-0:1.0: 12 ports detected
2025-02-07T13:28:36.789853+00:00 ubuntu systemd[1]: Starting plymouth-read-write.service - Tell Plymouth To Write Out Runtime Data...
2025-02-07T13:28:36.789868+00:00 ubuntu systemd[1]: Starting snapd.apparmor.service - Load AppArmor profiles managed internally by snapd...
2025-02-07T13:28:36.789872+00:00 ubuntu kernel: ata2.00: ATAPI: VBOX CD-ROM, 1.0, max UDMA/133
2025-02-07T13:28:36.789874+00:00 ubuntu kernel: scsi 1:0:0:0: CD-ROM            VBOX     CD-ROM           1.0  PQ: 0 ANSI: 5
2025-02-07T13:28:36.789875+00:00 ubuntu kernel: sr 1:0:0:0: [sr0] scsi3-mmc drive: 32x/32x xa/form2 tray
2025-02-07T13:28:36.789876+00:00 ubuntu kernel: cdrom: Uniform CD-ROM driver Revision: 3.20
2025-02-07T13:28:36.789876+00:00 ubuntu kernel: sr 1:0:0:0: Attached scsi CD-ROM sr0
2025-02-07T13:28:36.789877+00:00 ubuntu kernel: sr 1:0:0:0: Attached scsi generic sg0 type 5
2025-02-07T13:28:36.789877+00:00 ubuntu systemd[1]: Starting systemd-binfmt.service - Set Up Additional Binary Formats...
2025-02-07T13:28:36.789885+00:00 ubuntu kernel: Freeing initrd memory: 73348K
2025-02-07T13:28:36.790025+00:00 ubuntu kernel: Segment Routing with IPv6
2025-02-07T13:28:36.790028+00:00 ubuntu kernel: In-situ OAM (IOAM) with IPv6
2025-02-07T13:28:36.790029+00:00 ubuntu kernel: NET: Registered PF_PACKET protocol family
2025-02-07T13:28:36.790037+00:00 ubuntu kernel: Key type dns_resolver registered
2025-02-07T13:28:36.790038+00:00 ubuntu kernel: IPI shorthand broadcast: enabled
2025-02-07T13:28:36.790039+00:00 ubuntu kernel: sched_clock: Marking stable (1165071606, 28461373)->(1300922096, -107389117)
2025-02-07T13:28:36.790048+00:00 ubuntu kernel: registered taskstats version 1
2025-02-07T13:28:36.790050+00:00 ubuntu kernel: Loading compiled-in X.509 certificates
2025-02-07T13:28:36.790051+00:00 ubuntu kernel: Loaded X.509 cert 'Build time autogenerated kernel key: d20b288af354b2a30a8094f4881ca576c390e95f'
2025-02-07T13:28:36.790052+00:00 ubuntu kernel: Loaded X.509 cert 'Canonical Ltd. Live Patch Signing: 14df34d1a87cf37625abec039ef2bf521249b969'
2025-02-07T13:28:36.790053+00:00 ubuntu kernel: Loaded X.509 cert 'Canonical Ltd. Kernel Module Signing: 88f752e560a1e0737e31163a466ad7b70a850c19'
2025-02-07T13:28:36.790054+00:00 ubuntu kernel: blacklist: Loading compiled-in revocation X.509 certificates
2025-02-07T13:28:36.790062+00:00 ubuntu kernel: Loaded X.509 cert 'Canonical Ltd. Secure Boot Signing: 61482aa2830d0ab2ad5af10b7250da9033ddcef0'
2025-02-07T13:28:36.790064+00:00 ubuntu kernel: Loaded X.509 cert 'Canonical Ltd. Secure Boot Signing (2017): 242ade75ac4a15e50d50c84b0d45ff3eae707a03'
2025-02-07T13:28:36.790065+00:00 ubuntu kernel: Loaded X.509 cert 'Canonical Ltd. Secure Boot Signing (ESM 2018): 365188c1d374d6b07c3c8f240f8ef722433d6a8b'
2025-02-07T13:28:36.790066+00:00 ubuntu kernel: Loaded X.509 cert 'Canonical Ltd. Secure Boot Signing (2019): c0746fd6c5da3ae827864651ad66ae47fe24b3e8'
2025-02-07T13:28:36.790066+00:00 ubuntu kernel: Loaded X.509 cert 'Canonical Ltd. Secure Boot Signing (2021 v1): a8d54bbb3825cfb94fa13c9f8a594a195c107b8d'
2025-02-07T13:28:36.790067+00:00 ubuntu kernel: Loaded X.509 cert 'Canonical Ltd. Secure Boot Signing (2021 v2): 4cf046892d6fd3c9a5b03f98d845f90851dc6a8c'
2025-02-07T13:28:36.790077+00:00 ubuntu kernel: Loaded X.509 cert 'Canonical Ltd. Secure Boot Signing (2021 v3): 100437bb6de6e469b581e61cd66bce3ef4ed53af'
2025-02-07T13:28:36.790078+00:00 ubuntu kernel: Loaded X.509 cert 'Canonical Ltd. Secure Boot Signing (Ubuntu Core 2019): c1d57b8f6b743f23ee41f4f7ee292f06eecadfb9'
2025-02-07T13:28:36.790079+00:00 ubuntu kernel: Key type .fscrypt registered
2025-02-07T13:28:36.790080+00:00 ubuntu kernel: Key type fscrypt-provisioning registered
2025-02-07T13:28:36.790081+00:00 ubuntu kernel: cryptd: max_cpu_qlen set to 1000
2025-02-07T13:28:36.790089+00:00 ubuntu kernel: AVX2 version of gcm_enc/dec engaged.
2025-02-07T13:28:36.790091+00:00 ubuntu kernel: AES CTR mode by8 optimization enabled
2025-02-07T13:28:36.790092+00:00 ubuntu kernel: Key type encrypted registered
2025-02-07T13:28:36.790093+00:00 ubuntu kernel: AppArmor: AppArmor sha256 policy hashing enabled
2025-02-07T13:28:36.790094+00:00 ubuntu kernel: ima: No TPM chip found, activating TPM-bypass!
2025-02-07T13:28:36.790094+00:00 ubuntu kernel: Loading compiled-in module X.509 certificates
2025-02-07T13:28:36.790095+00:00 ubuntu kernel: Loaded X.509 cert 'Build time autogenerated kernel key: d20b288af354b2a30a8094f4881ca576c390e95f'
2025-02-07T13:28:36.790103+00:00 ubuntu kernel: ima: Allocated hash algorithm: sha256
2025-02-07T13:28:36.790105+00:00 ubuntu kernel: ima: No architecture policies found
2025-02-07T13:28:36.790106+00:00 ubuntu kernel: evm: Initialising EVM extended attributes:
2025-02-07T13:28:36.790107+00:00 ubuntu kernel: evm: security.selinux
2025-02-07T13:28:36.790108+00:00 ubuntu kernel: evm: security.SMACK64
2025-02-07T13:28:36.790109+00:00 ubuntu kernel: evm: security.SMACK64EXEC
2025-02-07T13:28:36.790117+00:00 ubuntu kernel: evm: security.SMACK64TRANSMUTE
2025-02-07T13:28:36.790119+00:00 ubuntu kernel: evm: security.SMACK64MMAP
2025-02-07T13:28:36.790119+00:00 ubuntu kernel: evm: security.apparmor
2025-02-07T13:28:36.790120+00:00 ubuntu kernel: evm: security.ima
2025-02-07T13:28:36.790121+00:00 ubuntu kernel: evm: security.capability
2025-02-07T13:28:36.790122+00:00 ubuntu kernel: evm: HMAC attrs: 0x1
2025-02-07T13:28:36.790123+00:00 ubuntu kernel: PM:   Magic number: 13:803:482
2025-02-07T13:28:36.790131+00:00 ubuntu kernel: ata_device dev1.1: hash matches
2025-02-07T13:28:36.790133+00:00 ubuntu kernel:  dev1.1: hash matches
2025-02-07T13:28:36.790134+00:00 ubuntu kernel: usb 1-1: new full-speed USB device number 2 using ohci-pci
2025-02-07T13:28:36.790135+00:00 ubuntu kernel: RAS: Correctable Errors collector initialized.
2025-02-07T13:28:36.790215+00:00 ubuntu kernel: clk: Disabling unused clocks
2025-02-07T13:28:36.790216+00:00 ubuntu kernel: Freeing unused decrypted memory: 2028K
2025-02-07T13:28:36.790225+00:00 ubuntu kernel: Freeing unused kernel image (initmem) memory: 4972K
2025-02-07T13:28:36.790227+00:00 ubuntu kernel: Write protecting the kernel read-only data: 36864k
2025-02-07T13:28:36.790228+00:00 ubuntu kernel: Freeing unused kernel image (rodata/data gap) memory: 28K
2025-02-07T13:28:36.790229+00:00 ubuntu kernel: x86/mm: Checked W+X mappings: passed, no W+X pages found.
2025-02-07T13:28:36.790230+00:00 ubuntu kernel: x86/mm: Checking user space page tables
2025-02-07T13:28:36.790230+00:00 ubuntu kernel: x86/mm: Checked W+X mappings: passed, no W+X pages found.
2025-02-07T13:28:36.790238+00:00 ubuntu kernel: Run /init as init process
2025-02-07T13:28:36.790241+00:00 ubuntu kernel:   with arguments:
2025-02-07T13:28:36.790241+00:00 ubuntu kernel:     /init
2025-02-07T13:28:36.790242+00:00 ubuntu kernel:     ---
2025-02-07T13:28:36.790243+00:00 ubuntu kernel:     splash
2025-02-07T13:28:36.790244+00:00 ubuntu kernel:   with environment:
2025-02-07T13:28:36.790245+00:00 ubuntu kernel:     HOME=/
2025-02-07T13:28:36.790256+00:00 ubuntu kernel:     TERM=linux
2025-02-07T13:28:36.790258+00:00 ubuntu kernel:     BOOT_IMAGE=/casper/vmlinuz
2025-02-07T13:28:36.790259+00:00 ubuntu kernel: usb 1-1: New USB device found, idVendor=80ee, idProduct=0021, bcdDevice= 1.00
2025-02-07T13:28:36.790260+00:00 ubuntu kernel: usb 1-1: New USB device strings: Mfr=1, Product=3, SerialNumber=0
2025-02-07T13:28:36.790261+00:00 ubuntu kernel: usb 1-1: Product: USB Tablet
2025-02-07T13:28:36.790261+00:00 ubuntu kernel: usb 1-1: Manufacturer: VirtualBox
2025-02-07T13:28:36.790270+00:00 ubuntu kernel: hid: raw HID events driver (C) Jiri Kosina
2025-02-07T13:28:36.790272+00:00 ubuntu kernel: e1000: Intel(R) PRO/1000 Network Driver
2025-02-07T13:28:36.790273+00:00 ubuntu kernel: e1000: Copyright (c) 1999-2006 Intel Corporation.
2025-02-07T13:28:36.790273+00:00 ubuntu kernel: ahci 0000:00:0d.0: version 3.0
2025-02-07T13:28:36.790274+00:00 ubuntu kernel: ahci 0000:00:0d.0: SSS flag set, parallel bus scan disabled
2025-02-07T13:28:36.790275+00:00 ubuntu kernel: ahci 0000:00:0d.0: AHCI 0001.0100 32 slots 1 ports 3 Gbps 0x1 impl SATA mode
2025-02-07T13:28:36.790276+00:00 ubuntu kernel: ahci 0000:00:0d.0: flags: 64bit ncq stag only ccc 
2025-02-07T13:28:36.790284+00:00 ubuntu kernel: ACPI: video: Video Device [GFX0] (multi-head: yes  rom: no  post: no)
2025-02-07T13:28:36.790286+00:00 ubuntu kernel: input: Video Bus as /devices/LNXSYSTM:00/LNXSYBUS:00/PNP0A03:00/LNXVIDEO:00/input/input5
2025-02-07T13:28:36.790287+00:00 ubuntu kernel: usbcore: registered new interface driver usbhid
2025-02-07T13:28:36.790287+00:00 ubuntu kernel: usbhid: USB HID core driver
2025-02-07T13:28:36.790288+00:00 ubuntu kernel: scsi host2: ahci
2025-02-07T13:28:36.790289+00:00 ubuntu kernel: ata3: SATA max UDMA/133 abar m8192@0xf0806000 port 0xf0806100 irq 21 lpm-pol 0
2025-02-07T13:28:36.790297+00:00 ubuntu kernel: input: VirtualBox USB Tablet as /devices/pci0000:00/0000:00:06.0/usb1/1-1/1-1:1.0/0003:80EE:0021.0001/input/input6
2025-02-07T13:28:36.790299+00:00 ubuntu kernel: hid-generic 0003:80EE:0021.0001: input,hidraw0: USB HID v1.10 Mouse [VirtualBox USB Tablet] on usb-0000:00:06.0-1/input0
2025-02-07T13:28:36.790300+00:00 ubuntu kernel: input: ImExPS/2 Generic Explorer Mouse as /devices/platform/i8042/serio1/input/input4
2025-02-07T13:28:36.790301+00:00 ubuntu kernel: ata3: SATA link down (SStatus 0 SControl 300)
2025-02-07T13:28:36.790302+00:00 ubuntu kernel: e1000 0000:00:03.0 eth0: (PCI:33MHz:32-bit) 02:20:27:44:83:dc
2025-02-07T13:28:36.790303+00:00 ubuntu kernel: e1000 0000:00:03.0 eth0: Intel(R) PRO/1000 Network Connection
2025-02-07T13:28:36.790311+00:00 ubuntu kernel: e1000 0000:00:03.0 enp0s3: renamed from eth0
2025-02-07T13:28:36.790313+00:00 ubuntu kernel: raid6: avx2x4   gen() 10935 MB/s
2025-02-07T13:28:36.790313+00:00 ubuntu kernel: raid6: avx2x2   gen() 12714 MB/s
2025-02-07T13:28:36.790314+00:00 ubuntu kernel: raid6: avx2x1   gen() 12918 MB/s
2025-02-07T13:28:36.790315+00:00 ubuntu kernel: raid6: using algorithm avx2x1 gen() 12918 MB/s
2025-02-07T13:28:36.790316+00:00 ubuntu kernel: raid6: .... xor() 8074 MB/s, rmw enabled
2025-02-07T13:28:36.790323+00:00 ubuntu kernel: raid6: using avx2x2 recovery algorithm
2025-02-07T13:28:36.790326+00:00 ubuntu kernel: xor: automatically using best checksumming function   avx       
2025-02-07T13:28:36.790326+00:00 ubuntu kernel: async_tx: api initialized (async)
2025-02-07T13:28:36.790327+00:00 ubuntu kernel: ISO 9660 Extensions: Microsoft Joliet Level 3
2025-02-07T13:28:36.790328+00:00 ubuntu kernel: ISO 9660 Extensions: RRIP_1991A
2025-02-07T13:28:36.790329+00:00 ubuntu kernel: loop0: detected capacity change from 0 to 3423344
2025-02-07T13:28:36.790330+00:00 ubuntu kernel: loop1: detected capacity change from 0 to 964624
2025-02-07T13:28:36.790337+00:00 ubuntu kernel: loop2: detected capacity change from 0 to 1790704
2025-02-07T13:28:36.790340+00:00 ubuntu kernel: overlayfs: null uuid detected in lower fs '/', falling back to xino=off,index=off,nfs_export=off.
2025-02-07T13:28:36.790340+00:00 ubuntu kernel: evm: overlay not supported
2025-02-07T13:28:36.790342+00:00 ubuntu kernel: systemd[1]: Inserted module 'autofs4'
2025-02-07T13:28:36.790343+00:00 ubuntu kernel: systemd[1]: systemd 255.4-1ubuntu8.4 running in system mode (+PAM +AUDIT +SELINUX +APPARMOR +IMA +SMACK +SECCOMP +GCRYPT -GNUTLS +OPENSSL +ACL +BLKID +CURL +ELFUTILS +FIDO2 +IDN2 -IDN +IPTC +KMOD +LIBCRYPTSETUP +LIBFDISK +PCRE2 -PWQUALITY +P11KIT +QRENCODE +TPM2 +BZIP2 +LZ4 +XZ +ZLIB +ZSTD -BPF_FRAMEWORK -XKBCOMMON +UTMP +SYSVINIT default-hierarchy=unified)
2025-02-07T13:28:36.790344+00:00 ubuntu kernel: systemd[1]: Detected virtualization oracle.
2025-02-07T13:28:36.790352+00:00 ubuntu kernel: systemd[1]: Detected architecture x86-64.
2025-02-07T13:28:36.790354+00:00 ubuntu kernel: systemd[1]: Invalid DMI field header.
2025-02-07T13:28:36.790355+00:00 ubuntu kernel: systemd[1]: Hostname set to <ubuntu>.
2025-02-07T13:28:36.790356+00:00 ubuntu kernel: systemd[1]: Initializing machine ID from random generator.
2025-02-07T13:28:36.790357+00:00 ubuntu kernel: clocksource: Long readout interval, skipping watchdog check: cs_nsec: 1165084187 wd_nsec: 1165083425
2025-02-07T13:28:36.790358+00:00 ubuntu kernel: systemd[1]: Configuration file /run/systemd/system/netplan-ovs-cleanup.service is marked world-inaccessible. This has no effect as configuration data is accessible via APIs without restrictions. Proceeding anyway.
2025-02-07T13:28:36.790367+00:00 ubuntu kernel: systemd[1]: Queued start job for default target graphical.target.
2025-02-07T13:28:36.790368+00:00 ubuntu kernel: systemd[1]: Created slice system-modprobe.slice - Slice /system/modprobe.
2025-02-07T13:28:36.790369+00:00 ubuntu kernel: systemd[1]: Created slice user.slice - User and Session Slice.
2025-02-07T13:28:36.790370+00:00 ubuntu kernel: systemd[1]: Started systemd-ask-password-wall.path - Forward Password Requests to Wall Directory Watch.
2025-02-07T13:28:36.790371+00:00 ubuntu kernel: systemd[1]: Set up automount proc-sys-fs-binfmt_misc.automount - Arbitrary Executable File Formats File System Automount Point.
2025-02-07T13:28:36.790379+00:00 ubuntu kernel: systemd[1]: Reached target integritysetup.target - Local Integrity Protected Volumes.
2025-02-07T13:28:36.790381+00:00 ubuntu kernel: systemd[1]: Reached target remote-fs.target - Remote File Systems.
2025-02-07T13:28:36.790382+00:00 ubuntu kernel: systemd[1]: Reached target slices.target - Slice Units.
2025-02-07T13:28:36.790383+00:00 ubuntu kernel: systemd[1]: Reached target swap.target - Swaps.
2025-02-07T13:28:36.790383+00:00 ubuntu kernel: systemd[1]: Reached target veritysetup.target - Local Verity Protected Volumes.
2025-02-07T13:28:36.790384+00:00 ubuntu kernel: systemd[1]: Listening on dm-event.socket - Device-mapper event daemon FIFOs.
2025-02-07T13:28:36.790385+00:00 ubuntu kernel: systemd[1]: Listening on lvm2-lvmpolld.socket - LVM2 poll daemon socket.
2025-02-07T13:28:36.790393+00:00 ubuntu kernel: systemd[1]: Listening on syslog.socket - Syslog Socket.
2025-02-07T13:28:36.790395+00:00 ubuntu kernel: systemd[1]: Listening on systemd-initctl.socket - initctl Compatibility Named Pipe.
2025-02-07T13:28:36.790396+00:00 ubuntu kernel: systemd[1]: Listening on systemd-journald-dev-log.socket - Journal Socket (/dev/log).
2025-02-07T13:28:36.790397+00:00 ubuntu kernel: systemd[1]: Listening on systemd-journald.socket - Journal Socket.
2025-02-07T13:28:36.790397+00:00 ubuntu kernel: systemd[1]: Listening on systemd-oomd.socket - Userspace Out-Of-Memory (OOM) Killer Socket.
2025-02-07T13:28:36.790398+00:00 ubuntu kernel: systemd[1]: systemd-pcrextend.socket - TPM2 PCR Extension (Varlink) was skipped because of an unmet condition check (ConditionSecurity=measured-uki).
2025-02-07T13:28:36.790407+00:00 ubuntu kernel: systemd[1]: Listening on systemd-udevd-control.socket - udev Control Socket.
2025-02-07T13:28:36.790409+00:00 ubuntu kernel: systemd[1]: Listening on systemd-udevd-kernel.socket - udev Kernel Socket.
2025-02-07T13:28:36.790409+00:00 ubuntu kernel: systemd[1]: Mounting dev-hugepages.mount - Huge Pages File System...
2025-02-07T13:28:36.790410+00:00 ubuntu kernel: systemd[1]: Mounting dev-mqueue.mount - POSIX Message Queue File System...
2025-02-07T13:28:36.790411+00:00 ubuntu kernel: systemd[1]: Mounting sys-kernel-debug.mount - Kernel Debug File System...
2025-02-07T13:28:36.790412+00:00 ubuntu kernel: systemd[1]: Mounting sys-kernel-tracing.mount - Kernel Trace File System...
2025-02-07T13:28:36.790420+00:00 ubuntu kernel: systemd[1]: Starting systemd-journald.service - Journal Service...
2025-02-07T13:28:36.790422+00:00 ubuntu kernel: systemd[1]: Finished blk-availability.service - Availability of block devices.
2025-02-07T13:28:36.790423+00:00 ubuntu kernel: systemd[1]: Starting keyboard-setup.service - Set the console keyboard layout...
2025-02-07T13:28:36.790423+00:00 ubuntu kernel: systemd[1]: Starting kmod-static-nodes.service - Create List of Static Device Nodes...
2025-02-07T13:28:36.790424+00:00 ubuntu kernel: systemd[1]: Starting lvm2-monitor.service - Monitoring of LVM2 mirrors, snapshots etc. using dmeventd or progress polling...
2025-02-07T13:28:36.790425+00:00 ubuntu kernel: systemd[1]: Starting modprobe@configfs.service - Load Kernel Module configfs...
2025-02-07T13:28:36.790426+00:00 ubuntu kernel: systemd[1]: Starting modprobe@dm_mod.service - Load Kernel Module dm_mod...
2025-02-07T13:28:36.790434+00:00 ubuntu kernel: systemd[1]: Starting modprobe@drm.service - Load Kernel Module drm...
2025-02-07T13:28:36.790436+00:00 ubuntu kernel: systemd[1]: Starting modprobe@efi_pstore.service - Load Kernel Module efi_pstore...
2025-02-07T13:28:36.790509+00:00 ubuntu kernel: systemd[1]: Starting modprobe@fuse.service - Load Kernel Module fuse...
2025-02-07T13:28:36.790511+00:00 ubuntu kernel: systemd[1]: Starting modprobe@loop.service - Load Kernel Module loop...
2025-02-07T13:28:36.790512+00:00 ubuntu kernel: systemd[1]: Starting systemd-modules-load.service - Load Kernel Modules...
2025-02-07T13:28:36.790513+00:00 ubuntu kernel: systemd[1]: systemd-pcrmachine.service - TPM2 PCR Machine ID Measurement was skipped because of an unmet condition check (ConditionSecurity=measured-uki).
2025-02-07T13:28:36.790522+00:00 ubuntu kernel: systemd[1]: Starting systemd-remount-fs.service - Remount Root and Kernel File Systems...
2025-02-07T13:28:36.790524+00:00 ubuntu kernel: systemd[1]: systemd-tpm2-setup-early.service - TPM2 SRK Setup (Early) was skipped because of an unmet condition check (ConditionSecurity=measured-uki).
2025-02-07T13:28:36.790525+00:00 ubuntu kernel: systemd[1]: Starting systemd-udev-trigger.service - Coldplug All udev Devices...
2025-02-07T13:28:36.790526+00:00 ubuntu kernel: systemd[1]: Mounted dev-hugepages.mount - Huge Pages File System.
2025-02-07T13:28:36.790528+00:00 ubuntu kernel: systemd[1]: Mounted dev-mqueue.mount - POSIX Message Queue File System.
2025-02-07T13:28:36.790528+00:00 ubuntu kernel: systemd[1]: Mounted sys-kernel-debug.mount - Kernel Debug File System.
2025-02-07T13:28:36.790540+00:00 ubuntu kernel: systemd[1]: Mounted sys-kernel-tracing.mount - Kernel Trace File System.
2025-02-07T13:28:36.790542+00:00 ubuntu kernel: systemd[1]: Finished kmod-static-nodes.service - Create List of Static Device Nodes.
2025-02-07T13:28:36.790543+00:00 ubuntu kernel: systemd[1]: modprobe@configfs.service: Deactivated successfully.
2025-02-07T13:28:36.790544+00:00 ubuntu kernel: systemd[1]: Finished modprobe@configfs.service - Load Kernel Module configfs.
2025-02-07T13:28:36.790544+00:00 ubuntu kernel: systemd[1]: modprobe@dm_mod.service: Deactivated successfully.
2025-02-07T13:28:36.790545+00:00 ubuntu kernel: systemd[1]: Finished modprobe@dm_mod.service - Load Kernel Module dm_mod.
2025-02-07T13:28:36.790554+00:00 ubuntu kernel: systemd[1]: modprobe@drm.service: Deactivated successfully.
2025-02-07T13:28:36.790556+00:00 ubuntu kernel: systemd[1]: Finished modprobe@drm.service - Load Kernel Module drm.
2025-02-07T13:28:36.790557+00:00 ubuntu kernel: systemd[1]: modprobe@efi_pstore.service: Deactivated successfully.
2025-02-07T13:28:36.790558+00:00 ubuntu kernel: systemd[1]: Finished modprobe@efi_pstore.service - Load Kernel Module efi_pstore.
2025-02-07T13:28:36.790559+00:00 ubuntu kernel: systemd[1]: modprobe@fuse.service: Deactivated successfully.
2025-02-07T13:28:36.790559+00:00 ubuntu kernel: systemd[1]: Finished modprobe@fuse.service - Load Kernel Module fuse.
2025-02-07T13:28:36.790560+00:00 ubuntu kernel: systemd[1]: modprobe@loop.service: Deactivated successfully.
2025-02-07T13:28:36.790568+00:00 ubuntu kernel: systemd[1]: Finished modprobe@loop.service - Load Kernel Module loop.
2025-02-07T13:28:36.790570+00:00 ubuntu kernel: systemd[1]: Mounting sys-fs-fuse-connections.mount - FUSE Control File System...
2025-02-07T13:28:36.790571+00:00 ubuntu kernel: systemd[1]: Mounting sys-kernel-config.mount - Kernel Configuration File System...
2025-02-07T13:28:36.790572+00:00 ubuntu kernel: systemd-journald[785]: Collecting audit messages is disabled.
2025-02-07T13:28:36.790573+00:00 ubuntu kernel: systemd[1]: systemd-repart.service - Repartition Root Disk was skipped because no trigger condition checks were met.
2025-02-07T13:28:36.790574+00:00 ubuntu kernel: systemd[1]: Starting systemd-tmpfiles-setup-dev-early.service - Create Static Device Nodes in /dev gracefully...
2025-02-07T13:28:36.790581+00:00 ubuntu kernel: systemd[1]: Finished systemd-remount-fs.service - Remount Root and Kernel File Systems.
2025-02-07T13:28:36.790584+00:00 ubuntu kernel: systemd[1]: Mounted sys-fs-fuse-connections.mount - FUSE Control File System.
2025-02-07T13:28:36.790584+00:00 ubuntu kernel: systemd[1]: Mounted sys-kernel-config.mount - Kernel Configuration File System.
2025-02-07T13:28:36.790585+00:00 ubuntu kernel: systemd[1]: Starting cloud-init-local.service - Initial cloud-init job (pre-networking)...
2025-02-07T13:28:36.790586+00:00 ubuntu kernel: systemd[1]: systemd-hwdb-update.service - Rebuild Hardware Database was skipped because no trigger condition checks were met.
2025-02-07T13:28:36.790587+00:00 ubuntu kernel: systemd[1]: systemd-pstore.service - Platform Persistent Storage Archival was skipped because of an unmet condition check (ConditionDirectoryNotEmpty=/sys/fs/pstore).
2025-02-07T13:28:36.790596+00:00 ubuntu kernel: systemd[1]: Starting systemd-random-seed.service - Load/Save OS Random Seed...
2025-02-07T13:28:36.790597+00:00 ubuntu kernel: systemd[1]: systemd-tpm2-setup.service - TPM2 SRK Setup was skipped because of an unmet condition check (ConditionSecurity=measured-uki).
2025-02-07T13:28:36.790598+00:00 ubuntu kernel: systemd[1]: Started systemd-journald.service - Journal Service.
2025-02-07T13:28:36.790599+00:00 ubuntu kernel: lp: driver loaded but no devices found
2025-02-07T13:28:36.790600+00:00 ubuntu kernel: ppdev: user-space parallel port driver
2025-02-07T13:28:36.790601+00:00 ubuntu kernel: systemd-journald[785]: Received client request to flush runtime journal.
2025-02-07T13:28:36.790608+00:00 ubuntu kernel: vboxguest: host-version: 7.1.6r167084 0x8000000f
2025-02-07T13:28:36.790611+00:00 ubuntu kernel: vbg_heartbeat_init: Setting up heartbeat to trigger every 2000 milliseconds
2025-02-07T13:28:36.790611+00:00 ubuntu kernel: input: VirtualBox mouse integration as /devices/pci0000:00/0000:00:04.0/input/input7
2025-02-07T13:28:36.790612+00:00 ubuntu kernel: piix4_smbus 0000:00:07.0: SMBus Host Controller at 0x4100, revision 0
2025-02-07T13:28:36.790613+00:00 ubuntu kernel: vmwgfx 0000:00:02.0: vgaarb: deactivate vga console
2025-02-07T13:28:36.790614+00:00 ubuntu kernel: Console: switching to colour dummy device 80x25
2025-02-07T13:28:36.790622+00:00 ubuntu kernel: RAPL PMU: API unit is 2^-32 Joules, 0 fixed counters, 10737418240 ms ovfl timer
2025-02-07T13:28:36.790624+00:00 ubuntu kernel: vmwgfx 0000:00:02.0: [drm] FIFO at 0x00000000f0000000 size is 2048 kiB
2025-02-07T13:28:36.790625+00:00 ubuntu kernel: vmwgfx 0000:00:02.0: [drm] VRAM at 0x00000000e0000000 size is 65536 kiB
2025-02-07T13:28:36.790626+00:00 ubuntu kernel: vmwgfx 0000:00:02.0: [drm] Running on SVGA version 2.
2025-02-07T13:28:36.790627+00:00 ubuntu kernel: vmwgfx 0000:00:02.0: [drm] Capabilities: rect copy, cursor, cursor bypass, cursor bypass 2, alpha cursor, extended fifo, pitchlock, irq mask, gmr, traces, gmr2, screen object 2, command buffers, gbobject, 
2025-02-07T13:28:36.790628+00:00 ubuntu kernel: vmwgfx 0000:00:02.0: [drm] *ERROR* vmwgfx seems to be running on an unsupported hypervisor.
2025-02-07T13:28:36.790636+00:00 ubuntu kernel: vmwgfx 0000:00:02.0: [drm] *ERROR* This configuration is likely broken.
2025-02-07T13:28:36.790638+00:00 ubuntu kernel: vmwgfx 0000:00:02.0: [drm] *ERROR* Please switch to a supported graphics device to avoid problems.
2025-02-07T13:28:36.790639+00:00 ubuntu kernel: vmwgfx 0000:00:02.0: [drm] DMA map mode: Caching DMA mappings.
2025-02-07T13:28:36.790640+00:00 ubuntu kernel: vmwgfx 0000:00:02.0: [drm] Legacy memory limits: VRAM = 65536 kB, FIFO = 2048 kB, surface = 458752 kB
2025-02-07T13:28:36.790641+00:00 ubuntu kernel: vmwgfx 0000:00:02.0: [drm] MOB limits: max mob size = 131072 kB, max mob pages = 49152
2025-02-07T13:28:36.790642+00:00 ubuntu kernel: vmwgfx 0000:00:02.0: [drm] Max GMR ids is 8192
2025-02-07T13:28:36.790649+00:00 ubuntu kernel: vmwgfx 0000:00:02.0: [drm] Max number of GMR pages is 1048576
2025-02-07T13:28:36.790651+00:00 ubuntu kernel: vmwgfx 0000:00:02.0: [drm] Maximum display memory size is 65536 kiB
2025-02-07T13:28:36.790652+00:00 ubuntu kernel: vmwgfx 0000:00:02.0: [drm] Screen Target display unit initialized
2025-02-07T13:28:36.790653+00:00 ubuntu kernel: vmwgfx 0000:00:02.0: [drm] Fifo max 0x00200000 min 0x00001000 cap 0x00000355
2025-02-07T13:28:36.790654+00:00 ubuntu kernel: vmwgfx 0000:00:02.0: [drm] Using command buffers with DMA pool.
2025-02-07T13:28:36.790655+00:00 ubuntu kernel: vmwgfx 0000:00:02.0: [drm] Available shader model: Legacy.
2025-02-07T13:28:36.790660+00:00 ubuntu kernel: [drm] Initialized vmwgfx 2.20.0 20211206 for 0000:00:02.0 on minor 0
2025-02-07T13:28:36.790669+00:00 ubuntu kernel: fbcon: vmwgfxdrmfb (fb0) is primary device
2025-02-07T13:28:36.790696+00:00 ubuntu kernel: Console: switching to colour frame buffer device 160x50
2025-02-07T13:28:36.790697+00:00 ubuntu kernel: vmwgfx 0000:00:02.0: [drm] fb0: vmwgfxdrmfb frame buffer device
2025-02-07T13:28:36.790698+00:00 ubuntu kernel: intel_rapl_msr: PL4 support detected.
2025-02-07T13:28:36.790699+00:00 ubuntu kernel: snd_intel8x0 0000:00:05.0: allow list rate for 1028:0177 is 48000
2025-02-07T13:28:36.790699+00:00 ubuntu kernel: spl: loading out-of-tree module taints kernel.
2025-02-07T13:28:36.790713+00:00 ubuntu kernel: zfs: module license 'CDDL' taints kernel.
2025-02-07T13:28:36.790717+00:00 ubuntu kernel: Disabling lock debugging due to kernel taint
2025-02-07T13:28:36.790718+00:00 ubuntu kernel: zfs: module license taints kernel.
2025-02-07T13:28:36.790719+00:00 ubuntu kernel: ZFS: Loaded module v2.2.2-0ubuntu9, ZFS pool version 5000, ZFS filesystem version 5
2025-02-07T13:28:36.790719+00:00 ubuntu kernel: loop3: detected capacity change from 0 to 8
2025-02-07T13:28:36.790720+00:00 ubuntu kernel: loop4: detected capacity change from 0 to 152112
2025-02-07T13:28:36.790724+00:00 ubuntu kernel: loop5: detected capacity change from 0 to 552488
2025-02-07T13:28:36.790730+00:00 ubuntu kernel: loop6: detected capacity change from 0 to 21952
2025-02-07T13:28:36.790732+00:00 ubuntu kernel: loop7: detected capacity change from 0 to 1034424
2025-02-07T13:28:36.790733+00:00 ubuntu kernel: loop8: detected capacity change from 0 to 306448
2025-02-07T13:28:36.790734+00:00 ubuntu kernel: loop9: detected capacity change from 0 to 21584
2025-02-07T13:28:36.790734+00:00 ubuntu kernel: loop10: detected capacity change from 0 to 79520
2025-02-07T13:28:36.790735+00:00 ubuntu kernel: loop11: detected capacity change from 0 to 1000
2025-02-07T13:28:36.790742+00:00 ubuntu kernel: loop12: detected capacity change from 0 to 239160
2025-02-07T13:28:36.790745+00:00 ubuntu kernel: loop13: detected capacity change from 0 to 187776
2025-02-07T13:28:36.790771+00:00 ubuntu kernel: audit: type=1400 audit(1738934902.286:2): apparmor="STATUS" operation="profile_load" profile="unconfined" name="/snap/snapd/21759/usr/lib/snapd/snap-confine" pid=1318 comm="apparmor_parser"
2025-02-07T13:28:36.790773+00:00 ubuntu kernel: audit: type=1400 audit(1738934902.288:3): apparmor="STATUS" operation="profile_load" profile="unconfined" name="/snap/snapd/21759/usr/lib/snapd/snap-confine//mount-namespace-capture-helper" pid=1318 comm="apparmor_parser"
2025-02-07T13:28:36.790775+00:00 ubuntu kernel: audit: type=1400 audit(1738934903.472:4): apparmor="STATUS" operation="profile_load" profile="unconfined" name="snap-update-ns.snap-store" pid=1321 comm="apparmor_parser"
2025-02-07T13:28:36.790783+00:00 ubuntu kernel: audit: type=1400 audit(1738934903.869:5): apparmor="STATUS" operation="profile_load" profile="unconfined" name="snap-update-ns.firefox" pid=1319 comm="apparmor_parser"
2025-02-07T13:28:36.790785+00:00 ubuntu kernel: audit: type=1400 audit(1738934903.907:6): apparmor="STATUS" operation="profile_load" profile="unconfined" name="snap-update-ns.firmware-updater" pid=1320 comm="apparmor_parser"
2025-02-07T13:28:36.790786+00:00 ubuntu kernel: audit: type=1400 audit(1738934903.931:7): apparmor="STATUS" operation="profile_load" profile="unconfined" name="snap-update-ns.ubuntu-desktop-bootstrap" pid=1519 comm="apparmor_parser"
2025-02-07T13:28:36.790787+00:00 ubuntu kernel: audit: type=1400 audit(1738934904.465:8): apparmor="STATUS" operation="profile_load" profile="unconfined" name="snap-update-ns.snapd-desktop-integration" pid=1423 comm="apparmor_parser"
2025-02-07T13:28:36.790788+00:00 ubuntu kernel: audit: type=1400 audit(1738934904.625:9): apparmor="STATUS" operation="profile_load" profile="unconfined" name="snap-update-ns.thunderbird" pid=1518 comm="apparmor_parser"
2025-02-07T13:28:36.790796+00:00 ubuntu kernel: audit: type=1400 audit(1738934905.083:10): apparmor="STATUS" operation="profile_load" profile="unconfined" name="snap.firefox.hook.disconnect-plug-host-hunspell" pid=1523 comm="apparmor_parser"
2025-02-07T13:28:36.790798+00:00 ubuntu kernel: audit: type=1400 audit(1738934905.100:11): apparmor="STATUS" operation="profile_load" profile="unconfined" name="snap.firefox.hook.configure" pid=1522 comm="apparmor_parser"
2025-02-07T13:28:36.790799+00:00 ubuntu kernel: kauditd_printk_skb: 8 callbacks suppressed
2025-02-07T13:28:36.790800+00:00 ubuntu kernel: audit: type=1400 audit(1738934907.315:20): apparmor="STATUS" operation="profile_load" profile="unconfined" name="snap.snapd-desktop-integration.hook.configure" pid=1532 comm="apparmor_parser"
2025-02-07T13:28:36.790801+00:00 ubuntu kernel: audit: type=1400 audit(1738934907.788:21): apparmor="STATUS" operation="profile_load" profile="unconfined" name="snap.snap-store.snap-store" pid=1531 comm="apparmor_parser"
2025-02-07T13:28:36.790812+00:00 ubuntu kernel: audit: type=1400 audit(1738934907.868:22): apparmor="STATUS" operation="profile_load" profile="unconfined" name="snap.thunderbird.hook.configure" pid=1534 comm="apparmor_parser"
2025-02-07T13:28:36.790814+00:00 ubuntu kernel: audit: type=1400 audit(1738934907.881:23): apparmor="STATUS" operation="profile_load" profile="unconfined" name="snap.ubuntu-desktop-bootstrap.os-prober" pid=1536 comm="apparmor_parser"
2025-02-07T13:28:36.790815+00:00 ubuntu kernel: audit: type=1400 audit(1738934907.900:24): apparmor="STATUS" operation="profile_load" profile="unconfined" name="snap.ubuntu-desktop-bootstrap.probert" pid=1537 comm="apparmor_parser"
2025-02-07T13:28:36.790816+00:00 ubuntu kernel: audit: type=1400 audit(1738934907.922:25): apparmor="STATUS" operation="profile_load" profile="unconfined" name="snap.ubuntu-desktop-bootstrap.subiquity-loadkeys" pid=1538 comm="apparmor_parser"
2025-02-07T13:28:36.790817+00:00 ubuntu kernel: audit: type=1400 audit(1738934907.929:26): apparmor="STATUS" operation="profile_load" profile="unconfined" name="snap.snap-store.show-updates" pid=1530 comm="apparmor_parser"
2025-02-07T13:28:36.790825+00:00 ubuntu kernel: audit: type=1400 audit(1738934907.943:27): apparmor="STATUS" operation="profile_load" profile="unconfined" name="snap.ubuntu-desktop-bootstrap.subiquity-server" pid=1539 comm="apparmor_parser"
2025-02-07T13:28:36.790827+00:00 ubuntu kernel: audit: type=1400 audit(1738934907.949:28): apparmor="STATUS" operation="profile_load" profile="unconfined" name="snap.ubuntu-desktop-bootstrap.ubuntu-desktop-bootstrap" pid=1540 comm="apparmor_parser"
2025-02-07T13:28:36.790828+00:00 ubuntu kernel: audit: type=1400 audit(1738934908.202:29): apparmor="STATUS" operation="profile_load" profile="unconfined" name="snap.snapd-desktop-integration.snapd-desktop-integration" pid=1533 comm="apparmor_parser"
2025-02-07T13:28:36.790829+00:00 ubuntu kernel: kauditd_printk_skb: 1 callbacks suppressed
2025-02-07T13:28:36.790830+00:00 ubuntu kernel: audit: type=1400 audit(1738934914.153:31): apparmor="STATUS" operation="profile_load" profile="unconfined" name="rsyslogd" pid=1597 comm="apparmor_parser"
2025-02-07T13:28:36.789887+00:00 ubuntu systemd[1]: Starting systemd-tmpfiles-setup.service - Create Volatile Files and Directories...
2025-02-07T13:28:36.790885+00:00 ubuntu systemd[1]: Starting ufw.service - Uncomplicated firewall...
2025-02-07T13:28:36.790904+00:00 ubuntu systemd[1]: Finished finalrd.service - Create final runtime dir for shutdown pivot root.
2025-02-07T13:28:36.790933+00:00 ubuntu systemd[1]: Finished plymouth-read-write.service - Tell Plymouth To Write Out Runtime Data.
2025-02-07T13:28:36.790953+00:00 ubuntu systemd[1]: Received SIGRTMIN+20 from PID 228 (plymouthd).
2025-02-07T13:28:36.790964+00:00 ubuntu systemd[1]: proc-sys-fs-binfmt_misc.automount: Got automount request for /proc/sys/fs/binfmt_misc, triggered by 1271 (systemd-binfmt)
2025-02-07T13:28:36.790973+00:00 ubuntu systemd[1]: Finished ufw.service - Uncomplicated firewall.
2025-02-07T13:28:36.790983+00:00 ubuntu systemd[1]: Reached target network-pre.target - Preparation for Network.
2025-02-07T13:28:36.790992+00:00 ubuntu systemd[1]: Finished systemd-tmpfiles-setup.service - Create Volatile Files and Directories.
2025-02-07T13:28:36.791001+00:00 ubuntu systemd[1]: systemd-firstboot.service - First Boot Wizard was skipped because of an unmet condition check (ConditionFirstBoot=yes).
2025-02-07T13:28:36.791016+00:00 ubuntu systemd[1]: first-boot-complete.target - First Boot Complete was skipped because of an unmet condition check (ConditionFirstBoot=yes).
2025-02-07T13:28:36.791026+00:00 ubuntu systemd[1]: Starting systemd-journal-catalog-update.service - Rebuild Journal Catalog...
2025-02-07T13:28:36.791035+00:00 ubuntu systemd[1]: systemd-machine-id-commit.service - Commit a transient machine-id on disk was skipped because of an unmet condition check (ConditionPathIsMountPoint=/etc/machine-id).
2025-02-07T13:28:36.791045+00:00 ubuntu systemd[1]: Starting systemd-oomd.service - Userspace Out-Of-Memory (OOM) Killer...
2025-02-07T13:28:36.791054+00:00 ubuntu systemd[1]: Starting systemd-resolved.service - Network Name Resolution...
2025-02-07T13:28:36.791068+00:00 ubuntu systemd[1]: Starting systemd-timesyncd.service - Network Time Synchronization...
2025-02-07T13:28:36.791078+00:00 ubuntu systemd[1]: Starting systemd-update-utmp.service - Record System Boot/Shutdown in UTMP...
2025-02-07T13:28:36.791087+00:00 ubuntu systemd[1]: Mounting proc-sys-fs-binfmt_misc.mount - Arbitrary Executable File Formats File System...
2025-02-07T13:28:36.791096+00:00 ubuntu systemd[1]: Finished systemd-update-utmp.service - Record System Boot/Shutdown in UTMP.
2025-02-07T13:28:36.791105+00:00 ubuntu systemd[1]: Mounted proc-sys-fs-binfmt_misc.mount - Arbitrary Executable File Formats File System.
2025-02-07T13:28:36.791120+00:00 ubuntu systemd[1]: Finished systemd-binfmt.service - Set Up Additional Binary Formats.
2025-02-07T13:28:36.791129+00:00 ubuntu systemd-oomd[1304]: No swap; memory pressure usage will be degraded
2025-02-07T13:28:36.791138+00:00 ubuntu systemd[1]: Started systemd-oomd.service - Userspace Out-Of-Memory (OOM) Killer.
2025-02-07T13:28:36.791153+00:00 ubuntu snapd-apparmor[1268]: main.go:124: Loading profiles [/var/lib/snapd/apparmor/profiles/snap-confine.snapd.21759 /var/lib/snapd/apparmor/profiles/snap-update-ns.firefox /var/lib/snapd/apparmor/profiles/snap-update-ns.firmware-updater /var/lib/snapd/apparmor/profiles/snap-update-ns.snap-store /var/lib/snapd/apparmor/profiles/snap-update-ns.snapd-desktop-integration /var/lib/snapd/apparmor/profiles/snap-update-ns.thunderbird /var/lib/snapd/apparmor/profiles/snap-update-ns.ubuntu-desktop-bootstrap /var/lib/snapd/apparmor/profiles/snap.firefox.firefox /var/lib/snapd/apparmor/profiles/snap.firefox.geckodriver /var/lib/snapd/apparmor/profiles/snap.firefox.hook.configure /var/lib/snapd/apparmor/profiles/snap.firefox.hook.disconnect-plug-host-hunspell /var/lib/snapd/apparmor/profiles/snap.firefox.hook.post-refresh /var/lib/snapd/apparmor/profiles/snap.firmware-updater.firmware-notifier /var/lib/snapd/apparmor/profiles/snap.firmware-updater.firmware-updater /var/lib/snapd/apparmor/profiles/snap.firmware-updater.firmware-updater-app /var/lib/snapd/apparmor/profiles/snap.firmware-updater.hook.configure /var/lib/snapd/apparmor/profiles/snap.snap-store.hook.configure /var/lib/snapd/apparmor/profiles/snap.snap-store.show-updates /var/lib/snapd/apparmor/profiles/snap.snap-store.snap-store /var/lib/snapd/apparmor/profiles/snap.snapd-desktop-integration.hook.configure /var/lib/snapd/apparmor/profiles/snap.snapd-desktop-integration.snapd-desktop-integration /var/lib/snapd/apparmor/profiles/snap.thunderbird.hook.configure /var/lib/snapd/apparmor/profiles/snap.thunderbird.thunderbird /var/lib/snapd/apparmor/profiles/snap.ubuntu-desktop-bootstrap.os-prober /var/lib/snapd/apparmor/profiles/snap.ubuntu-desktop-bootstrap.probert /var/lib/snapd/apparmor/profiles/snap.ubuntu-desktop-bootstrap.subiquity-loadkeys /var/lib/snapd/apparmor/profiles/snap.ubuntu-desktop-bootstrap.subiquity-server /var/lib/snapd/apparmor/profiles/snap.ubuntu-desktop-bootstrap.ubuntu-desktop-bootstrap]
2025-02-07T13:28:36.791173+00:00 ubuntu systemd[1]: Started systemd-timesyncd.service - Network Time Synchronization.
2025-02-07T13:28:36.791182+00:00 ubuntu systemd[1]: Reached target time-set.target - System Time Set.
2025-02-07T13:28:36.791192+00:00 ubuntu systemd[1]: Finished systemd-journal-catalog-update.service - Rebuild Journal Catalog.
2025-02-07T13:28:36.791202+00:00 ubuntu systemd-resolved[1305]: Positive Trust Anchors:
2025-02-07T13:28:36.791211+00:00 ubuntu systemd-resolved[1305]: . IN DS 20326 8 2 e06d44b80b8f1d39a95c0b0d7c65d08458e880409bbc683457104237c7f8ec8d
2025-02-07T13:28:36.791221+00:00 ubuntu systemd-resolved[1305]: Negative trust anchors: home.arpa 10.in-addr.arpa 16.172.in-addr.arpa 17.172.in-addr.arpa 18.172.in-addr.arpa 19.172.in-addr.arpa 20.172.in-addr.arpa 21.172.in-addr.arpa 22.172.in-addr.arpa 23.172.in-addr.arpa 24.172.in-addr.arpa 25.172.in-addr.arpa 26.172.in-addr.arpa 27.172.in-addr.arpa 28.172.in-addr.arpa 29.172.in-addr.arpa 30.172.in-addr.arpa 31.172.in-addr.arpa 170.0.0.192.in-addr.arpa 171.0.0.192.in-addr.arpa 168.192.in-addr.arpa d.f.ip6.arpa ipv4only.arpa corp home internal intranet lan local private test
2025-02-07T13:28:36.791236+00:00 ubuntu systemd-resolved[1305]: Using system hostname 'ubuntu'.
2025-02-07T13:28:36.791246+00:00 ubuntu systemd[1]: Started systemd-resolved.service - Network Name Resolution.
2025-02-07T13:28:36.791255+00:00 ubuntu systemd[1]: Reached target nss-lookup.target - Host and Network Name Lookups.
2025-02-07T13:28:36.791264+00:00 ubuntu systemd[1]: Finished console-setup.service - Set console font and keymap.
2025-02-07T13:28:36.791354+00:00 ubuntu systemd[1]: Finished snapd.apparmor.service - Load AppArmor profiles managed internally by snapd.
2025-02-07T13:28:36.791371+00:00 ubuntu systemd[1]: Finished ldconfig.service - Rebuild Dynamic Linker Cache.
2025-02-07T13:28:36.791381+00:00 ubuntu systemd[1]: Starting systemd-update-done.service - Update is Completed...
2025-02-07T13:28:36.791390+00:00 ubuntu systemd[1]: Finished systemd-update-done.service - Update is Completed.
2025-02-07T13:28:36.791399+00:00 ubuntu systemd[1]: Reached target sysinit.target - System Initialization.
2025-02-07T13:28:36.791407+00:00 ubuntu systemd[1]: apport-autoreport.path - Process error reports when automatic reporting is enabled (file watch) was skipped because of an unmet condition check (ConditionPathExists=/var/lib/apport/autoreport).
2025-02-07T13:28:36.791417+00:00 ubuntu systemd[1]: Started cups.path - CUPS Scheduler.
2025-02-07T13:28:36.791432+00:00 ubuntu systemd[1]: tpm-udev.path - Handle dynamically added tpm devices was skipped because of an unmet condition check (ConditionVirtualization=container).
2025-02-07T13:28:36.791444+00:00 ubuntu systemd[1]: Started whoopsie.path - Start whoopsie on modification of the /var/crash directory.
2025-02-07T13:28:36.791454+00:00 ubuntu systemd[1]: Started anacron.timer - Trigger anacron every hour.
2025-02-07T13:28:36.791463+00:00 ubuntu systemd[1]: apport-autoreport.timer - Process error reports when automatic reporting is enabled (timer based) was skipped because of an unmet condition check (ConditionPathExists=/var/lib/apport/autoreport).
2025-02-07T13:28:36.791473+00:00 ubuntu systemd[1]: Started apt-daily.timer - Daily apt download activities.
2025-02-07T13:28:36.791492+00:00 ubuntu systemd[1]: Started apt-daily-upgrade.timer - Daily apt upgrade and clean activities.
2025-02-07T13:28:36.791501+00:00 ubuntu systemd[1]: Started dpkg-db-backup.timer - Daily dpkg database backup timer.
2025-02-07T13:28:36.791510+00:00 ubuntu systemd[1]: Started e2scrub_all.timer - Periodic ext4 Online Metadata Check for All Filesystems.
2025-02-07T13:28:36.791519+00:00 ubuntu systemd[1]: Started fstrim.timer - Discard unused filesystem blocks once a week.
2025-02-07T13:28:36.791529+00:00 ubuntu systemd[1]: Started fwupd-refresh.timer - Refresh fwupd metadata regularly.
2025-02-07T13:28:36.791538+00:00 ubuntu systemd[1]: Started logrotate.timer - Daily rotation of log files.
2025-02-07T13:28:36.791552+00:00 ubuntu systemd[1]: Started man-db.timer - Daily man-db regeneration.
2025-02-07T13:28:36.791561+00:00 ubuntu systemd[1]: Started motd-news.timer - Message of the Day.
2025-02-07T13:28:36.791569+00:00 ubuntu systemd[1]: snapd.snap-repair.timer - Timer to automatically fetch and run repair assertions was skipped because no trigger condition checks were met.
2025-02-07T13:28:36.791578+00:00 ubuntu systemd[1]: Started sysstat-collect.timer - Run system activity accounting tool every 10 minutes.
2025-02-07T13:28:36.792270+00:00 ubuntu systemd[1]: Started sysstat-summary.timer - Generate summary of yesterday's process accounting.
2025-02-07T13:28:36.794266+00:00 ubuntu systemd[1]: Started systemd-tmpfiles-clean.timer - Daily Cleanup of Temporary Directories.
2025-02-07T13:28:36.794308+00:00 ubuntu systemd[1]: ua-timer.timer - Ubuntu Pro Timer for running repeated jobs was skipped because of an unmet condition check (ConditionPathExists=/var/lib/ubuntu-advantage/private/machine-token.json).
2025-02-07T13:28:36.794334+00:00 ubuntu systemd[1]: Reached target paths.target - Path Units.
2025-02-07T13:28:36.794358+00:00 ubuntu systemd[1]: apport-forward.socket - Unix socket for apport crash forwarding was skipped because of an unmet condition check (ConditionVirtualization=container).
2025-02-07T13:28:36.794382+00:00 ubuntu systemd[1]: Listening on avahi-daemon.socket - Avahi mDNS/DNS-SD Stack Activation Socket.
2025-02-07T13:28:36.794409+00:00 ubuntu systemd[1]: Listening on cloud-init-hotplugd.socket - cloud-init hotplug hook socket.
2025-02-07T13:28:36.794432+00:00 ubuntu systemd[1]: Listening on cups.socket - CUPS Scheduler.
2025-02-07T13:28:36.794455+00:00 ubuntu systemd[1]: Listening on dbus.socket - D-Bus System Message Bus Socket.
2025-02-07T13:28:36.794478+00:00 ubuntu systemd[1]: Starting snapd.socket - Socket activation for snappy daemon...
2025-02-07T13:28:36.794501+00:00 ubuntu systemd[1]: Listening on uuidd.socket - UUID daemon activation socket.
2025-02-07T13:28:36.794526+00:00 ubuntu systemd[1]: systemd-pcrphase-sysinit.service - TPM2 PCR Barrier (Initialization) was skipped because of an unmet condition check (ConditionSecurity=measured-uki).
2025-02-07T13:28:36.794548+00:00 ubuntu systemd[1]: Listening on snapd.socket - Socket activation for snappy daemon.
2025-02-07T13:28:36.794570+00:00 ubuntu systemd[1]: Reached target sockets.target - Socket Units.
2025-02-07T13:28:36.794591+00:00 ubuntu systemd[1]: Reached target basic.target - Basic System.
2025-02-07T13:28:36.794612+00:00 ubuntu systemd[1]: anacron.service - Run anacron jobs was skipped because of an unmet condition check (ConditionACPower=true).
2025-02-07T13:28:36.794634+00:00 ubuntu systemd[1]: Starting apport.service - automatic crash report generation...
2025-02-07T13:28:36.794656+00:00 ubuntu systemd[1]: Starting avahi-daemon.service - Avahi mDNS/DNS-SD Stack...
2025-02-07T13:28:36.794731+00:00 ubuntu systemd[1]: Starting dbus.service - D-Bus System Message Bus...
2025-02-07T13:28:36.794755+00:00 ubuntu systemd[1]: Started dmesg.service - Save initial kernel messages after boot.
2025-02-07T13:28:36.794776+00:00 ubuntu systemd[1]: Starting e2scrub_reap.service - Remove Stale Online ext4 Metadata Check Snapshots...
2025-02-07T13:28:36.794802+00:00 ubuntu systemd[1]: getty-static.service - getty on tty2-tty6 if dbus and logind are not available was skipped because of an unmet condition check (ConditionPathExists=!/usr/bin/dbus-daemon).
2025-02-07T13:28:36.794826+00:00 ubuntu systemd[1]: Reached target getty.target - Login Prompts.
2025-02-07T13:28:36.794848+00:00 ubuntu avahi-daemon[1549]: Found user 'avahi' (UID 108) and group 'avahi' (GID 111).
2025-02-07T13:28:36.794870+00:00 ubuntu systemd[1]: Starting gnome-remote-desktop.service - GNOME Remote Desktop...
2025-02-07T13:28:36.794891+00:00 ubuntu systemd[1]: Starting gpu-manager.service - Detect the available GPUs and deal with any system changes...
2025-02-07T13:28:36.794914+00:00 ubuntu systemd[1]: grub-common.service - Record successful boot for GRUB was skipped because of an unmet condition check (ConditionPathExists=/boot/grub/grub.cfg).
2025-02-07T13:28:36.794937+00:00 ubuntu systemd[1]: grub-initrd-fallback.service - GRUB failed boot detection was skipped because of an unmet condition check (ConditionPathExists=/boot/grub/grub.cfg).
2025-02-07T13:28:36.794959+00:00 ubuntu systemd[1]: networkd-dispatcher.service - Dispatcher daemon for systemd-networkd was skipped because no trigger condition checks were met.
2025-02-07T13:28:36.794980+00:00 ubuntu systemd[1]: Starting polkit.service - Authorization Manager...
